Archive member included to satisfy reference by file (symbol)

C:/devkitPro/libctru/lib\libctru.a(linear.o)
                              main.o (linearAlloc)
C:/devkitPro/libctru/lib\libctru.a(mem_pool.o)
                              C:/devkitPro/libctru/lib\libctru.a(linear.o) (MemPool::Allocate(MemChunk&, unsigned long, int))
C:/devkitPro/libctru/lib\libctru.a(console.o)
                              main.o (consoleInit)
C:/devkitPro/libctru/lib\libctru.a(gfx.o)
                              C:/devkitPro/libctru/lib\libctru.a(console.o) (gfxIsWide)
C:/devkitPro/libctru/lib\libctru.a(ndsp.o)
                              main.o (ndspInit)
C:/devkitPro/libctru/lib\libctru.a(ndsp-channel.o)
                              main.o (ndspChnReset)
C:/devkitPro/libctru/lib\libctru.a(apt.o)
                              main.o (aptExit)
C:/devkitPro/libctru/lib\libctru.a(cfgu.o)
                              C:/devkitPro/libctru/lib\libctru.a(ndsp.o) (cfguInit)
C:/devkitPro/libctru/lib\libctru.a(dsp.o)
                              C:/devkitPro/libctru/lib\libctru.a(ndsp.o) (dspInit)
C:/devkitPro/libctru/lib\libctru.a(fs.o)
                              C:/devkitPro/libctru/lib\libctru.a(ndsp.o) (FSUSER_OpenFileDirectly)
C:/devkitPro/libctru/lib\libctru.a(gspgpu.o)
                              C:/devkitPro/libctru/lib\libctru.a(gfx.o) (gspInit)
C:/devkitPro/libctru/lib\libctru.a(hid.o)
                              main.o (hidInit)
C:/devkitPro/libctru/lib\libctru.a(irrst.o)
                              C:/devkitPro/libctru/lib\libctru.a(hid.o) (irrstInit)
C:/devkitPro/libctru/lib\libctru.a(rbtree_find.o)
                              C:/devkitPro/libctru/lib\libctru.a(linear.o) (rbtree_find)
C:/devkitPro/libctru/lib\libctru.a(rbtree_init.o)
                              C:/devkitPro/libctru/lib\libctru.a(linear.o) (rbtree_init)
C:/devkitPro/libctru/lib\libctru.a(rbtree_insert.o)
                              C:/devkitPro/libctru/lib\libctru.a(linear.o) (rbtree_insert)
C:/devkitPro/libctru/lib\libctru.a(rbtree_remove.o)
                              C:/devkitPro/libctru/lib\libctru.a(linear.o) (rbtree_remove)
C:/devkitPro/libctru/lib\libctru.a(rbtree_rotate.o)
                              C:/devkitPro/libctru/lib\libctru.a(rbtree_insert.o) (rbtree_rotate)
C:/devkitPro/libctru/lib\libctru.a(allocateHeaps.o)
                              C:/devkitPro/libctru/lib\libctru.a(linear.o) (__ctru_linear_heap_size)
C:/devkitPro/libctru/lib\libctru.a(ctru_init.o)
                              C:/devkitPro/libctru/lib\libctru.a(apt.o) (__system_retAddr)
C:/devkitPro/libctru/lib\libctru.a(initArgv.o)
                              C:/devkitPro/libctru/lib\libctru.a(ctru_init.o) (__system_initArgv)
C:/devkitPro/libctru/lib\libctru.a(syscalls.o)
                              C:/devkitPro/libctru/lib\libctru.a(ctru_init.o) (__system_initSyscalls)
C:/devkitPro/libctru/lib\libctru.a(svc.o)
                              C:/devkitPro/libctru/lib\libctru.a(allocateHeaps.o) (svcControlMemory)
C:/devkitPro/libctru/lib\libctru.a(stack_adjust.o)
                              C:/devkitPro/devkitARM/bin/../lib/gcc/arm-none-eabi/15.1.0/../../../../arm-none-eabi/lib/armv6k/fpu/3dsx_crt0.o (initSystem)
C:/devkitPro/libctru/lib\libctru.a(default_font.bin.o)
                              C:/devkitPro/libctru/lib\libctru.a(console.o) (default_font_bin)
C:/devkitPro/libctru/lib\libctru.a(vram.o)
                              C:/devkitPro/libctru/lib\libctru.a(gfx.o) (vramAlloc)
C:/devkitPro/libctru/lib\libctru.a(3dslink.o)
                              C:/devkitPro/libctru/lib\libctru.a(initArgv.o) (__3dslink_host)
C:/devkitPro/libctru/lib\libctru.a(env.o)
                              C:/devkitPro/libctru/lib\libctru.a(ndsp.o) (envGetHandle)
C:/devkitPro/libctru/lib\libctru.a(os.o)
                              C:/devkitPro/libctru/lib\libctru.a(ndsp-channel.o) (osConvertVirtToPhys)
C:/devkitPro/libctru/lib\libctru.a(srv.o)
                              C:/devkitPro/libctru/lib\libctru.a(apt.o) (srvInit)
C:/devkitPro/libctru/lib\libctru.a(synchronization.o)
                              C:/devkitPro/libctru/lib\libctru.a(ctru_init.o) (__sync_init)
C:/devkitPro/libctru/lib\libctru.a(thread.o)
                              C:/devkitPro/libctru/lib\libctru.a(ndsp.o) (threadCreate)
C:/devkitPro/libctru/lib\libctru.a(mappable.o)
                              C:/devkitPro/libctru/lib\libctru.a(allocateHeaps.o) (mappableInit)
C:/devkitPro/libctru/lib\libctru.a(ptmsysm.o)
                              C:/devkitPro/libctru/lib\libctru.a(os.o) (ptmSysmInit)
C:/devkitPro/libctru/lib\libctru.a(srvpm.o)
                              C:/devkitPro/libctru/lib\libctru.a(srv.o) (srvPmGetSessionHandle)
C:/devkitPro/libctru/lib\libctru.a(soc_connect.o)
                              C:/devkitPro/libctru/lib\libctru.a(3dslink.o) (connect)
C:/devkitPro/libctru/lib\libctru.a(soc_socket.o)
[...]
Memory Configuration

Name             Origin             Length             Attributes
*default*        0x00000000         0xffffffff

Linker script and memory map

                0x00000000                        __sync_synchronize = __sync_synchronize_dmb
                0x00100000                        PROVIDE (__start__ = 0x100000)
                0x00100000                        . = __start__

.text           0x00100000    0x1c30c
 *(.crt0)
 .crt0          0x00100000       0x94 C:/devkitPro/devkitARM/bin/../lib/gcc/arm-none-eabi/15.1.0/../../../../arm-none-eabi/lib/armv6k/fpu/3dsx_crt0.o
                0x00100000                _start
                0x00100008                __service_ptr
                0x0010000c                __apt_appid
                0x00100010                __heap_size
                0x00100014                __linear_heap_size
                0x00100018                __system_arglist
                0x0010001c                __system_runflags
 *(.init)
 .init          0x00100094        0xc C:/devkitPro/devkitARM/bin/../lib/gcc/arm-none-eabi/15.1.0/armv6k/fpu/crti.o
                0x00100094                _init
 .init          0x001000a0        0xc C:/devkitPro/devkitARM/bin/../lib/gcc/arm-none-eabi/15.1.0/armv6k/fpu/crtn.o
                0x001000ac                        . = ALIGN (0x4)
 *(.text)
 .text          0x001000ac      0x160 main.o
                0x001000ac                load_audio
                0x00100138                audio_init
                0x001001dc                audio_exit
 .text          0x0010020c      0x240 C:/devkitPro/devkitARM/bin/../lib/gcc/arm-none-eabi/15.1.0/armv6k/fpu\libgcc.a(_divsi3.o)
                0x0010020c                __divsi3
                0x0010020c                __aeabi_idiv
                0x0010042c                __aeabi_idivmod
 .text          0x0010044c        0x4 C:/devkitPro/devkitARM/bin/../lib/gcc/arm-none-eabi/15.1.0/armv6k/fpu\libgcc.a(_dvmd_tls.o)
                0x0010044c                __aeabi_idiv0
                0x0010044c                __aeabi_ldiv0
 .text          0x00100450       0x3c C:/devkitPro/devkitARM/bin/../lib/gcc/arm-none-eabi/15.1.0/armv6k/fpu\libgcc.a(_aeabi_uldivmod.o)
                0x00100450                __aeabi_uldivmod
 *fill*         0x0010048c       0x14 
 .text          0x001004a0      0x390 C:/devkitPro/devkitARM/bin/../lib/gcc/arm-none-eabi/15.1.0/../../../../arm-none-eabi/lib/armv6k/fpu\libg.a(libc_a-strcmp.o)
                0x001004a8                strcmp
 .text          0x00100830      0x20c C:/devkitPro/devkitARM/bin/../lib/gcc/arm-none-eabi/15.1.0/armv6k/fpu\libgcc.a(_udivsi3.o)
                0x00100830                __aeabi_uidiv
                0x00100830                __udivsi3
                0x00100a1c                __aeabi_uidivmod
 *(.text.*)
 .text.__do_global_dtors_aux
                0x00100a3c       0x50 C:/devkitPro/devkitARM/bin/../lib/gcc/arm-none-eabi/15.1.0/armv6k/fpu/crtbegin.o
 .text.frame_dummy
                0x00100a8c       0x2c C:/devkitPro/devkitARM/bin/../lib/gcc/arm-none-eabi/15.1.0/armv6k/fpu/crtbegin.o
 .text.startup  0x00100ab8      0x3d0 main.o
                0x00100ab8                main
 .text._ZL21addrMapNodeComparatorPK11rbtree_nodeS1_
                0x00100e88       0x24 C:/devkitPro/libctru/lib\libctru.a(linear.o)
 .text._ZL21addrMapNodeDestructorP11rbtree_node
                0x00100eac        0x4 C:/devkitPro/libctru/lib\libctru.a(linear.o)
 .text.linearMemAlign
                0x00100eb0      0x12c C:/devkitPro/libctru/lib\libctru.a(linear.o)
                0x00100eb0                linearMemAlign
 .text.linearAlloc
                0x00100fdc        0x8 C:/devkitPro/libctru/lib\libctru.a(linear.o)
                0x00100fdc                linearAlloc
 .text.linearFree
                0x00100fe4       0x5c C:/devkitPro/libctru/lib\libctru.a(linear.o)
                0x00100fe4                linearFree
 .text._ZN7MemPool13CoalesceRightEP8MemBlock
                0x00101040       0x88 C:/devkitPro/libctru/lib\libctru.a(mem_pool.o)
                0x00101040                MemPool::CoalesceRight(MemBlock*)
 .text._ZN7MemPool8AllocateER8MemChunkmi
                0x001010c8      0x178 C:/devkitPro/libctru/lib\libctru.a(mem_pool.o)
                0x001010c8                MemPool::Allocate(MemChunk&, unsigned long, int)
 .text._ZN7MemPool10DeallocateERK8MemChunk
                0x00101240      0x118 C:/devkitPro/libctru/lib\libctru.a(mem_pool.o)
                0x00101240                MemPool::Deallocate(MemChunk const&)
 .text._ZN7MemPool12GetFreeSpaceEv
                0x00101358       0x30 C:/devkitPro/libctru/lib\libctru.a(mem_pool.o)
                0x00101358                MemPool::GetFreeSpace()
 .text.consoleDrawChar
                0x00101388      0x1c8 C:/devkitPro/libctru/lib\libctru.a(console.o)
                0x00101388                consoleDrawChar
 .text.consolePrintChar
                0x00101550      0x170 C:/devkitPro/libctru/lib\libctru.a(console.o)
                0x00101550                consolePrintChar
 .text.con_write
                0x001016c0      0xc40 C:/devkitPro/libctru/lib\libctru.a(console.o)
                0x001016c0                con_write
 .text.newRow   0x00102300      0x110 C:/devkitPro/libctru/lib\libctru.a(console.o)
 .text.consoleInit
                0x00102410      0x180 C:/devkitPro/libctru/lib\libctru.a(console.o)
                0x00102410                consoleInit
 .text.gfxPresentFramebuffer
                0x00102590       0xcc C:/devkitPro/libctru/lib\libctru.a(gfx.o)
 .text.gfxIsWide
                0x0010265c       0x1c C:/devkitPro/libctru/lib\libctru.a(gfx.o)
                0x0010265c                gfxIsWide
 .text.gfxSetScreenFormat
                0x00102678       0xf8 C:/devkitPro/libctru/lib\libctru.a(gfx.o)
                0x00102678                gfxSetScreenFormat
 .text.gfxSetDoubleBuffering
                0x00102770       0x10 C:/devkitPro/libctru/lib\libctru.a(gfx.o)
                0x00102770                gfxSetDoubleBuffering
 .text.gfxInit  0x00102780       0xd8 C:/devkitPro/libctru/lib\libctru.a(gfx.o)
                0x00102780                gfxInit
 .text.gfxInitDefault
                0x00102858       0x10 C:/devkitPro/libctru/lib\libctru.a(gfx.o)
                0x00102858                gfxInitDefault
 .text.gfxExit  0x00102868       0xb8 C:/devkitPro/libctru/lib\libctru.a(gfx.o)
                0x00102868                gfxExit
 .text.gfxGetFramebuffer
                0x00102920       0xa0 C:/devkitPro/libctru/lib\libctru.a(gfx.o)
                0x00102920                gfxGetFramebuffer
 .text.gfxFlushBuffers
                0x001029c0      0x100 C:/devkitPro/libctru/lib\libctru.a(gfx.o)
                0x001029c0                gfxFlushBuffers
 .text.gfxSwapBuffers
                0x00102ac0       0x50 C:/devkitPro/libctru/lib\libctru.a(gfx.o)
                0x00102ac0                gfxSwapBuffers
 .text.gfxSwapBuffersGpu
                0x00102b10       0x50 C:/devkitPro/libctru/lib\libctru.a(gfx.o)
                0x00102b10                gfxSwapBuffersGpu
 .text.ndspUpdateMaster
                0x00102b60      0x158 C:/devkitPro/libctru/lib\libctru.a(ndsp.o)
 .text.ndspFinalize
                0x00102cb8      0x108 C:/devkitPro/libctru/lib\libctru.a(ndsp.o)
 .text.ndspInitialize.part.0
                0x00102dc0      0x254 C:/devkitPro/libctru/lib\libctru.a(ndsp.o)
 .text.ndspHookCallback
                0x00103014      0x108 C:/devkitPro/libctru/lib\libctru.a(ndsp.o)
 *fill*         0x0010311c        0x4 
 .text.ndspThreadMain
                0x00103120      0x318 C:/devkitPro/libctru/lib\libctru.a(ndsp.o)
 .text.ndspInit
                0x00103438      0x3f0 C:/devkitPro/libctru/lib\libctru.a(ndsp.o)
                0x00103438                ndspInit
 .text.ndspExit
                0x00103828       0xd8 C:/devkitPro/libctru/lib\libctru.a(ndsp.o)
                0x00103828                ndspExit
 .text.ndspSetOutputMode
                0x00103900       0x34 C:/devkitPro/libctru/lib\libctru.a(ndsp.o)
                0x00103900                ndspSetOutputMode
 .text.ndspChnReset
                0x00103934       0xe0 C:/devkitPro/libctru/lib\libctru.a(ndsp-channel.o)
                0x00103934                ndspChnReset
 .text.ndspChnSetFormat
                0x00103a14       0x18 C:/devkitPro/libctru/lib\libctru.a(ndsp-channel.o)
                0x00103a14                ndspChnSetFormat
 .text.ndspChnSetInterp
                0x00103a2c       0x50 C:/devkitPro/libctru/lib\libctru.a(ndsp-channel.o)
                0x00103a2c                ndspChnSetInterp
 .text.ndspChnSetRate
                0x00103a7c       0x60 C:/devkitPro/libctru/lib\libctru.a(ndsp-channel.o)
                0x00103a7c                ndspChnSetRate
 .text.ndspChnWaveBufAdd
                0x00103adc       0xc8 C:/devkitPro/libctru/lib\libctru.a(ndsp-channel.o)
                0x00103adc                ndspChnWaveBufAdd
 .text.ndspiInitChn
                0x00103ba4       0x40 C:/devkitPro/libctru/lib\libctru.a(ndsp-channel.o)
                0x00103ba4                ndspiInitChn
 .text.ndspiDirtyChn
                0x00103be4       0x2c C:/devkitPro/libctru/lib\libctru.a(ndsp-channel.o)
                0x00103be4                ndspiDirtyChn
 .text.ndspiUpdateChn
                0x00103c10      0x43c C:/devkitPro/libctru/lib\libctru.a(ndsp-channel.o)
                0x00103c10                ndspiUpdateChn
 .text.ndspiReadChnState
                0x0010404c      0x180 C:/devkitPro/libctru/lib\libctru.a(ndsp-channel.o)
                0x0010404c                ndspiReadChnState
 .text.aptConvertScreenForCapture
                0x001041cc      0x180 C:/devkitPro/libctru/lib\libctru.a(apt.o)
 .text.aptSendCommand
                0x0010434c      0x138 C:/devkitPro/libctru/lib\libctru.a(apt.o)
                0x0010434c                aptSendCommand
 *fill*         0x00104484        0x4 
 .text.aptExitProcess
                0x00104488       0x44 C:/devkitPro/libctru/lib\libctru.a(apt.o)
 .text.aptExit  0x001044cc      0x394 C:/devkitPro/libctru/lib\libctru.a(apt.o)
                0x001044cc                aptExit
 .text.aptHandleSleep
                0x00104860       0xd8 C:/devkitPro/libctru/lib\libctru.a(apt.o)
                0x00104860                aptHandleSleep
 .text.APT_SleepIfShellClosed
                0x00104938       0x84 C:/devkitPro/libctru/lib\libctru.a(apt.o)
                0x00104938                APT_SleepIfShellClosed
 .text.aptSetSleepAllowed
                0x001049bc       0x78 C:/devkitPro/libctru/lib\libctru.a(apt.o)
                0x001049bc                aptSetSleepAllowed
 .text.APT_UnlockTransition
                0x00104a34       0x84 C:/devkitPro/libctru/lib\libctru.a(apt.o)
                0x00104a34                APT_UnlockTransition
 .text.aptEventHandler
                0x00104ab8      0x470 C:/devkitPro/libctru/lib\libctru.a(apt.o)
 .text.APT_ReceiveParameter
                0x00104f28       0xbc C:/devkitPro/libctru/lib\libctru.a(apt.o)
                0x00104f28                APT_ReceiveParameter
 .text.aptReceiveParameter.constprop.0
                0x00104fe4       0xb0 C:/devkitPro/libctru/lib\libctru.a(apt.o)
 *fill*         0x00105094        0x4 
 .text.aptScreenTransfer
                0x00105098      0x294 C:/devkitPro/libctru/lib\libctru.a(apt.o)
 .text.aptWaitForWakeUp.isra.0
                0x0010532c      0x2d0 C:/devkitPro/libctru/lib\libctru.a(apt.o)
 .text.aptJumpToHomeMenu
                0x001055fc       0xf4 C:/devkitPro/libctru/lib\libctru.a(apt.o)
                0x001055fc                aptJumpToHomeMenu
 .text.aptMainLoop
                0x001056f0       0x58 C:/devkitPro/libctru/lib\libctru.a(apt.o)
                0x001056f0                aptMainLoop
 .text.aptInit  0x00105748      0x240 C:/devkitPro/libctru/lib\libctru.a(apt.o)
                0x00105748                aptInit
 .text.APT_CheckNew3DS
                0x00105988       0x90 C:/devkitPro/libctru/lib\libctru.a(apt.o)
                0x00105988                APT_CheckNew3DS
 .text.cfguInit
                0x00105a18       0xa8 C:/devkitPro/libctru/lib\libctru.a(cfgu.o)
                0x00105a18                cfguInit
 .text.cfguExit
                0x00105ac0       0x3c C:/devkitPro/libctru/lib\libctru.a(cfgu.o)
                0x00105ac0                cfguExit
 .text.CFGU_GetConfigInfoBlk2
                0x00105afc       0x4c C:/devkitPro/libctru/lib\libctru.a(cfgu.o)
                0x00105afc                CFGU_GetConfigInfoBlk2
 .text.DSP_LoadComponent.part.0
                0x00105b48       0xa4 C:/devkitPro/libctru/lib\libctru.a(dsp.o)
 .text.dspInit  0x00105bec       0xfc C:/devkitPro/libctru/lib\libctru.a(dsp.o)
                0x00105bec                dspInit
 .text.dspExit  0x00105ce8       0x8c C:/devkitPro/libctru/lib\libctru.a(dsp.o)
                0x00105ce8                dspExit
 .text.dspHook  0x00105d74       0x24 C:/devkitPro/libctru/lib\libctru.a(dsp.o)
                0x00105d74                dspHook
 .text.dspUnhook
                0x00105d98       0x30 C:/devkitPro/libctru/lib\libctru.a(dsp.o)
                0x00105d98                dspUnhook
 .text.aptDspSleep
                0x00105dc8       0xb4 C:/devkitPro/libctru/lib\libctru.a(dsp.o)
                0x00105dc8                aptDspSleep
 .text.aptDspWakeup
                0x00105e7c       0xb4 C:/devkitPro/libctru/lib\libctru.a(dsp.o)
                0x00105e7c                aptDspWakeup
 .text.aptDspCancel
                0x00105f30       0x44 C:/devkitPro/libctru/lib\libctru.a(dsp.o)
                0x00105f30                aptDspCancel
 .text.DSP_FlushDataCache
                0x00105f74       0x50 C:/devkitPro/libctru/lib\libctru.a(dsp.o)
                0x00105f74                DSP_FlushDataCache
 .text.DSP_SetSemaphore
                0x00105fc4       0x34 C:/devkitPro/libctru/lib\libctru.a(dsp.o)
                0x00105fc4                DSP_SetSemaphore
 .text.DSP_SetSemaphoreMask
                0x00105ff8       0x34 C:/devkitPro/libctru/lib\libctru.a(dsp.o)
                0x00105ff8                DSP_SetSemaphoreMask
 .text.DSP_GetSemaphoreHandle
                0x0010602c       0x38 C:/devkitPro/libctru/lib\libctru.a(dsp.o)
                0x0010602c                DSP_GetSemaphoreHandle
 .text.DSP_LoadComponent
                0x00106064       0x3c C:/devkitPro/libctru/lib\libctru.a(dsp.o)
                0x00106064                DSP_LoadComponent
 .text.DSP_RegisterInterruptEvents
                0x001060a0       0x44 C:/devkitPro/libctru/lib\libctru.a(dsp.o)
                0x001060a0                DSP_RegisterInterruptEvents
 .text.DSP_ReadPipeIfPossible
                0x001060e4       0x78 C:/devkitPro/libctru/lib\libctru.a(dsp.o)
                0x001060e4                DSP_ReadPipeIfPossible
 .text.DSP_WriteProcessPipe
                0x0010615c       0x4c C:/devkitPro/libctru/lib\libctru.a(dsp.o)
                0x0010615c                DSP_WriteProcessPipe
 .text.DSP_ConvertProcessAddressFromDspDram
                0x001061a8       0x44 C:/devkitPro/libctru/lib\libctru.a(dsp.o)
                0x001061a8                DSP_ConvertProcessAddressFromDspDram
 .text.DSP_RecvData
                0x001061ec       0x44 C:/devkitPro/libctru/lib\libctru.a(dsp.o)
                0x001061ec                DSP_RecvData
 .text.DSP_RecvDataIsReady
                0x00106230       0x50 C:/devkitPro/libctru/lib\libctru.a(dsp.o)
                0x00106230                DSP_RecvDataIsReady
 .text.fsInit   0x00106280      0x104 C:/devkitPro/libctru/lib\libctru.a(fs.o)
                0x00106280                fsInit
 .text.fsExit   0x00106384       0x3c C:/devkitPro/libctru/lib\libctru.a(fs.o)
                0x00106384                fsExit
 .text.fsExemptFromSession
                0x001063c0       0x68 C:/devkitPro/libctru/lib\libctru.a(fs.o)
                0x001063c0                fsExemptFromSession
 .text.fsUnexemptFromSession
                0x00106428       0x50 C:/devkitPro/libctru/lib\libctru.a(fs.o)
                0x00106428                fsUnexemptFromSession
 .text.FSUSER_OpenFile
                0x00106478       0xcc C:/devkitPro/libctru/lib\libctru.a(fs.o)
                0x00106478                FSUSER_OpenFile
 .text.FSUSER_OpenFileDirectly
                0x00106544       0xcc C:/devkitPro/libctru/lib\libctru.a(fs.o)
                0x00106544                FSUSER_OpenFileDirectly
 .text.FSUSER_DeleteFile
                0x00106610       0xb8 C:/devkitPro/libctru/lib\libctru.a(fs.o)
                0x00106610                FSUSER_DeleteFile
 .text.FSUSER_RenameFile
                0x001066c8       0xf4 C:/devkitPro/libctru/lib\libctru.a(fs.o)
                0x001066c8                FSUSER_RenameFile
 .text.FSUSER_DeleteDirectory
                0x001067bc       0xb8 C:/devkitPro/libctru/lib\libctru.a(fs.o)
                0x001067bc                FSUSER_DeleteDirectory
 .text.FSUSER_CreateFile
                0x00106874       0xd0 C:/devkitPro/libctru/lib\libctru.a(fs.o)
                0x00106874                FSUSER_CreateFile
 .text.FSUSER_CreateDirectory
                0x00106944       0xc0 C:/devkitPro/libctru/lib\libctru.a(fs.o)
                0x00106944                FSUSER_CreateDirectory
 .text.FSUSER_RenameDirectory
                0x00106a04       0xf4 C:/devkitPro/libctru/lib\libctru.a(fs.o)
                0x00106a04                FSUSER_RenameDirectory
 .text.FSUSER_OpenDirectory
                0x00106af8       0xb4 C:/devkitPro/libctru/lib\libctru.a(fs.o)
                0x00106af8                FSUSER_OpenDirectory
 .text.FSUSER_OpenArchive
                0x00106bac       0x90 C:/devkitPro/libctru/lib\libctru.a(fs.o)
                0x00106bac                FSUSER_OpenArchive
 .text.FSUSER_CloseArchive
                0x00106c3c       0x8c C:/devkitPro/libctru/lib\libctru.a(fs.o)
                0x00106c3c                FSUSER_CloseArchive
 .text.FSUSER_GetSdmcArchiveResource
                0x00106cc8       0x74 C:/devkitPro/libctru/lib\libctru.a(fs.o)
                0x00106cc8                FSUSER_GetSdmcArchiveResource
 .text.FSUSER_IsSdmcWritable
                0x00106d3c       0x64 C:/devkitPro/libctru/lib\libctru.a(fs.o)
                0x00106d3c                FSUSER_IsSdmcWritable
 .text.FSFILE_Read
                0x00106da0       0x64 C:/devkitPro/libctru/lib\libctru.a(fs.o)
                0x00106da0                FSFILE_Read
 .text.FSFILE_Write
                0x00106e04       0x6c C:/devkitPro/libctru/lib\libctru.a(fs.o)
                0x00106e04                FSFILE_Write
 .text.FSFILE_GetSize
                0x00106e70       0x44 C:/devkitPro/libctru/lib\libctru.a(fs.o)
                0x00106e70                FSFILE_GetSize
 .text.FSFILE_SetSize
                0x00106eb4       0x28 C:/devkitPro/libctru/lib\libctru.a(fs.o)
                0x00106eb4                FSFILE_SetSize
 .text.FSFILE_Close
                0x00106edc       0x3c C:/devkitPro/libctru/lib\libctru.a(fs.o)
                0x00106edc                FSFILE_Close
 .text.FSFILE_Flush
                0x00106f18       0x24 C:/devkitPro/libctru/lib\libctru.a(fs.o)
                0x00106f18                FSFILE_Flush
 .text.FSDIR_Read
                0x00106f3c       0x60 C:/devkitPro/libctru/lib\libctru.a(fs.o)
                0x00106f3c                FSDIR_Read
 .text.FSDIR_Close
                0x00106f9c       0x3c C:/devkitPro/libctru/lib\libctru.a(fs.o)
                0x00106f9c                FSDIR_Close
 .text.gspHardwareInit
                0x00106fd8      0xc70 C:/devkitPro/libctru/lib\libctru.a(gspgpu.o)
 .text.gspInit  0x00107c48      0x280 C:/devkitPro/libctru/lib\libctru.a(gspgpu.o)
                0x00107c48                gspInit
 .text.gspExit  0x00107ec8      0x110 C:/devkitPro/libctru/lib\libctru.a(gspgpu.o)
                0x00107ec8                gspExit
 .text.gspHasGpuRight
                0x00107fd8       0x10 C:/devkitPro/libctru/lib\libctru.a(gspgpu.o)
                0x00107fd8                gspHasGpuRight
 .text.gspPresentBuffer
                0x00107fe8       0xa4 C:/devkitPro/libctru/lib\libctru.a(gspgpu.o)
                0x00107fe8                gspPresentBuffer
 .text.gspWaitForEvent
                0x0010808c       0x50 C:/devkitPro/libctru/lib\libctru.a(gspgpu.o)
                0x0010808c                gspWaitForEvent
 .text.gxCmdQueueInterrupt
                0x001080dc        0x4 C:/devkitPro/libctru/lib\libctru.a(gspgpu.o)
                0x001080dc                gxCmdQueueInterrupt
 .text.gspEventThreadMain
                0x001080e0      0x154 C:/devkitPro/libctru/lib\libctru.a(gspgpu.o)
 .text.GSPGPU_FlushDataCache
                0x00108234       0x50 C:/devkitPro/libctru/lib\libctru.a(gspgpu.o)
                0x00108234                GSPGPU_FlushDataCache
 .text.GSPGPU_SetLcdForceBlack
                0x00108284       0x34 C:/devkitPro/libctru/lib\libctru.a(gspgpu.o)
                0x00108284                GSPGPU_SetLcdForceBlack
 .text.GSPGPU_AcquireRight
                0x001082b8       0x80 C:/devkitPro/libctru/lib\libctru.a(gspgpu.o)
                0x001082b8                GSPGPU_AcquireRight
 .text.GSPGPU_ReleaseRight
                0x00108338       0x5c C:/devkitPro/libctru/lib\libctru.a(gspgpu.o)
                0x00108338                GSPGPU_ReleaseRight
 .text.GSPGPU_ImportDisplayCaptureInfo
                0x00108394       0x7c C:/devkitPro/libctru/lib\libctru.a(gspgpu.o)
                0x00108394                GSPGPU_ImportDisplayCaptureInfo
 .text.GSPGPU_SaveVramSysArea
                0x00108410       0x2c C:/devkitPro/libctru/lib\libctru.a(gspgpu.o)
                0x00108410                GSPGPU_SaveVramSysArea
 .text.GSPGPU_RestoreVramSysArea
                0x0010843c       0x2c C:/devkitPro/libctru/lib\libctru.a(gspgpu.o)
                0x0010843c                GSPGPU_RestoreVramSysArea
 .text.hidShouldUseIrrst
                0x00108468       0x24 C:/devkitPro/libctru/lib\libctru.a(hid.o)
                0x00108468                hidShouldUseIrrst
 .text.hidInit  0x0010848c      0x1cc C:/devkitPro/libctru/lib\libctru.a(hid.o)
                0x0010848c                hidInit
 .text.hidExit  0x00108658       0xe8 C:/devkitPro/libctru/lib\libctru.a(hid.o)
                0x00108658                hidExit
 .text.hidScanInput
                0x00108740      0x2a0 C:/devkitPro/libctru/lib\libctru.a(hid.o)
                0x00108740                hidScanInput
 .text.hidKeysDown
                0x001089e0       0x10 C:/devkitPro/libctru/lib\libctru.a(hid.o)
                0x001089e0                hidKeysDown
 .text.irrstInit
                0x001089f0      0x1a4 C:/devkitPro/libctru/lib\libctru.a(irrst.o)
                0x001089f0                irrstInit
 .text.irrstExit
                0x00108b94       0xdc C:/devkitPro/libctru/lib\libctru.a(irrst.o)
                0x00108b94                irrstExit
 .text.irrstScanInput
                0x00108c70       0xb4 C:/devkitPro/libctru/lib\libctru.a(irrst.o)
                0x00108c70                irrstScanInput
 .text.irrstKeysHeld
                0x00108d24       0x24 C:/devkitPro/libctru/lib\libctru.a(irrst.o)
                0x00108d24                irrstKeysHeld
 .text.rbtree_find
                0x00108d48       0x74 C:/devkitPro/libctru/lib\libctru.a(rbtree_find.o)
                0x00108d48                rbtree_find
 .text.rbtree_init
                0x00108dbc       0x10 C:/devkitPro/libctru/lib\libctru.a(rbtree_init.o)
                0x00108dbc                rbtree_init
 .text.do_insert
                0x00108dcc      0x198 C:/devkitPro/libctru/lib\libctru.a(rbtree_insert.o)
 .text.rbtree_insert
                0x00108f64        0x8 C:/devkitPro/libctru/lib\libctru.a(rbtree_insert.o)
                0x00108f64                rbtree_insert
 .text.rbtree_remove
                0x00108f6c      0x310 C:/devkitPro/libctru/lib\libctru.a(rbtree_remove.o)
                0x00108f6c                rbtree_remove
 .text.rbtree_rotate
                0x0010927c       0x90 C:/devkitPro/libctru/lib\libctru.a(rbtree_rotate.o)
                0x0010927c                rbtree_rotate
 *fill*         0x0010930c        0x4 
 .text.__system_allocateHeaps
                0x00109310      0x1e8 C:/devkitPro/libctru/lib\libctru.a(allocateHeaps.o)
                0x00109310                __system_allocateHeaps
 .text.__libctru_init
                0x001094f8       0x38 C:/devkitPro/libctru/lib\libctru.a(ctru_init.o)
                0x001094f8                __libctru_init
 .text.__system_initArgv
                0x00109530      0x16c C:/devkitPro/libctru/lib\libctru.a(initArgv.o)
                0x00109530                __system_initArgv
 .text.__syscall_getreent
                0x0010969c       0x30 C:/devkitPro/libctru/lib\libctru.a(syscalls.o)
                0x0010969c                __syscall_getreent
 .text.__syscall_lock_acquire
                0x001096cc        0x4 C:/devkitPro/libctru/lib\libctru.a(syscalls.o)
                0x001096cc                __syscall_lock_acquire
 .text.__syscall_lock_release
                0x001096d0        0x4 C:/devkitPro/libctru/lib\libctru.a(syscalls.o)
                0x001096d0                __syscall_lock_release
 .text.__syscall_lock_acquire_recursive
                0x001096d4        0x4 C:/devkitPro/libctru/lib\libctru.a(syscalls.o)
                0x001096d4                __syscall_lock_acquire_recursive
 .text.__syscall_lock_release_recursive
                0x001096d8        0x4 C:/devkitPro/libctru/lib\libctru.a(syscalls.o)
                0x001096d8                __syscall_lock_release_recursive
 .text.__syscall_exit
                0x001096dc        0x4 C:/devkitPro/libctru/lib\libctru.a(syscalls.o)
                0x001096dc                __syscall_exit
 .text.initThreadVars
                0x001096e0       0x54 C:/devkitPro/libctru/lib\libctru.a(syscalls.o)
                0x001096e0                initThreadVars
 .text.__system_initSyscalls
                0x00109734       0x80 C:/devkitPro/libctru/lib\libctru.a(syscalls.o)
                0x00109734                __system_initSyscalls
 .text.svcControlMemory
                0x001097b4       0x20 C:/devkitPro/libctru/lib\libctru.a(svc.o)
                0x001097b4                svcControlMemory
 .text.svcQueryMemory
                0x001097d4       0x30 C:/devkitPro/libctru/lib\libctru.a(svc.o)
                0x001097d4                svcQueryMemory
 .text.svcExitProcess
                0x00109804        0x8 C:/devkitPro/libctru/lib\libctru.a(svc.o)
                0x00109804                svcExitProcess
 .text.svcCreateThread
                0x0010980c       0x20 C:/devkitPro/libctru/lib\libctru.a(svc.o)
                0x0010980c                svcCreateThread
 .text.svcExitThread
                0x0010982c        0x8 C:/devkitPro/libctru/lib\libctru.a(svc.o)
                0x0010982c                svcExitThread
 .text.svcSleepThread
                0x00109834        0x8 C:/devkitPro/libctru/lib\libctru.a(svc.o)
                0x00109834                svcSleepThread
 .text.svcReleaseMutex
                0x0010983c        0x8 C:/devkitPro/libctru/lib\libctru.a(svc.o)
                0x0010983c                svcReleaseMutex
 .text.svcCreateEvent
                0x00109844       0x14 C:/devkitPro/libctru/lib\libctru.a(svc.o)
                0x00109844                svcCreateEvent
 .text.svcSignalEvent
                0x00109858        0x8 C:/devkitPro/libctru/lib\libctru.a(svc.o)
                0x00109858                svcSignalEvent
 .text.svcClearEvent
                0x00109860        0x8 C:/devkitPro/libctru/lib\libctru.a(svc.o)
                0x00109860                svcClearEvent
 .text.svcMapMemoryBlock
                0x00109868        0x8 C:/devkitPro/libctru/lib\libctru.a(svc.o)
                0x00109868                svcMapMemoryBlock
 .text.svcUnmapMemoryBlock
                0x00109870        0x8 C:/devkitPro/libctru/lib\libctru.a(svc.o)
                0x00109870                svcUnmapMemoryBlock
 .text.svcCreateAddressArbiter
                0x00109878       0x14 C:/devkitPro/libctru/lib\libctru.a(svc.o)
                0x00109878                svcCreateAddressArbiter
 .text.svcArbitrateAddressNoTimeout
                0x0010988c        0x8 C:/devkitPro/libctru/lib\libctru.a(svc.o)
                0x0010988c                svcArbitrateAddressNoTimeout
 .text.svcCloseHandle
                0x00109894        0x8 C:/devkitPro/libctru/lib\libctru.a(svc.o)
                0x00109894                svcCloseHandle
 .text.svcWaitSynchronization
                0x0010989c        0x8 C:/devkitPro/libctru/lib\libctru.a(svc.o)
                0x0010989c                svcWaitSynchronization
 .text.svcWaitSynchronizationN
                0x001098a4       0x28 C:/devkitPro/libctru/lib\libctru.a(svc.o)
                0x001098a4                svcWaitSynchronizationN
 .text.svcDuplicateHandle
                0x001098cc       0x14 C:/devkitPro/libctru/lib\libctru.a(svc.o)
                0x001098cc                svcDuplicateHandle
 .text.svcConnectToPort
                0x001098e0       0x14 C:/devkitPro/libctru/lib\libctru.a(svc.o)
                0x001098e0                svcConnectToPort
 .text.svcSendSyncRequest
                0x001098f4        0x8 C:/devkitPro/libctru/lib\libctru.a(svc.o)
                0x001098f4                svcSendSyncRequest
 .text.svcGetResourceLimit
                0x001098fc       0x14 C:/devkitPro/libctru/lib\libctru.a(svc.o)
                0x001098fc                svcGetResourceLimit
 .text.svcGetResourceLimitLimitValues
                0x00109910        0x8 C:/devkitPro/libctru/lib\libctru.a(svc.o)
                0x00109910                svcGetResourceLimitLimitValues
 .text.svcGetResourceLimitCurrentValues
                0x00109918        0x8 C:/devkitPro/libctru/lib\libctru.a(svc.o)
                0x00109918                svcGetResourceLimitCurrentValues
 .text.svcBreak
                0x00109920        0x8 C:/devkitPro/libctru/lib\libctru.a(svc.o)
                0x00109920                svcBreak
 .text.initSystem
                0x00109928       0x50 C:/devkitPro/libctru/lib\libctru.a(stack_adjust.o)
                0x00109928                initSystem
 .text.__ctru_exit
                0x00109978       0x14 C:/devkitPro/libctru/lib\libctru.a(stack_adjust.o)
                0x00109978                __ctru_exit
 .text._ZL21addrMapNodeComparatorPK11rbtree_nodeS1_
                0x0010998c       0x24 C:/devkitPro/libctru/lib\libctru.a(vram.o)
 .text._ZL21addrMapNodeDestructorP11rbtree_node
                0x001099b0        0x4 C:/devkitPro/libctru/lib\libctru.a(vram.o)
 .text.vramMemAlignAt
                0x001099b4      0x248 C:/devkitPro/libctru/lib\libctru.a(vram.o)
                0x001099b4                vramMemAlignAt
 .text.vramAlloc
                0x00109bfc        0xc C:/devkitPro/libctru/lib\libctru.a(vram.o)
                0x00109bfc                vramAlloc
 .text.vramFree
                0x00109c08       0x94 C:/devkitPro/libctru/lib\libctru.a(vram.o)
                0x00109c08                vramFree
 .text.envGetHandle
                0x00109c9c       0x8c C:/devkitPro/libctru/lib\libctru.a(env.o)
                0x00109c9c                envGetHandle
 .text.envDestroyHandles
                0x00109d28       0x50 C:/devkitPro/libctru/lib\libctru.a(env.o)
                0x00109d28                envDestroyHandles
 .text.osConvertVirtToPhys
                0x00109d78       0x74 C:/devkitPro/libctru/lib\libctru.a(os.o)
                0x00109d78                osConvertVirtToPhys
 .text.__ctru_speedup_config
                0x00109dec       0x34 C:/devkitPro/libctru/lib\libctru.a(os.o)
                0x00109dec                __ctru_speedup_config
 .text.srvInit  0x00109e20      0x164 C:/devkitPro/libctru/lib\libctru.a(srv.o)
                0x00109e20                srvInit
 .text.srvExit  0x00109f84       0x64 C:/devkitPro/libctru/lib\libctru.a(srv.o)
                0x00109f84                srvExit
 .text.srvEnableNotification
                0x00109fe8       0x60 C:/devkitPro/libctru/lib\libctru.a(srv.o)
                0x00109fe8                srvEnableNotification
 .text.srvGetServiceHandleDirect
                0x0010a048       0xa0 C:/devkitPro/libctru/lib\libctru.a(srv.o)
                0x0010a048                srvGetServiceHandleDirect
 .text.srvGetServiceHandle
                0x0010a0e8       0x48 C:/devkitPro/libctru/lib\libctru.a(srv.o)
                0x0010a0e8                srvGetServiceHandle
 .text.srvSubscribe
                0x0010a130       0x34 C:/devkitPro/libctru/lib\libctru.a(srv.o)
                0x0010a130                srvSubscribe
 .text.srvReceiveNotification
                0x0010a164       0x60 C:/devkitPro/libctru/lib\libctru.a(srv.o)
                0x0010a164                srvReceiveNotification
 .text.srvPublishToSubscriber
                0x0010a1c4       0x38 C:/devkitPro/libctru/lib\libctru.a(srv.o)
                0x0010a1c4                srvPublishToSubscriber
 .text.__sync_init
                0x0010a1fc        0xc C:/devkitPro/libctru/lib\libctru.a(synchronization.o)
                0x0010a1fc                __sync_init
 .text.__sync_fini
                0x0010a208       0x18 C:/devkitPro/libctru/lib\libctru.a(synchronization.o)
                0x0010a208                __sync_fini
 .text.syncArbitrateAddress
                0x0010a220       0x28 C:/devkitPro/libctru/lib\libctru.a(synchronization.o)
                0x0010a220                syncArbitrateAddress
 .text.LightLock_Init
                0x0010a248       0x1c C:/devkitPro/libctru/lib\libctru.a(synchronization.o)
                0x0010a248                LightLock_Init
 .text.LightLock_Lock
                0x0010a264       0xac C:/devkitPro/libctru/lib\libctru.a(synchronization.o)
                0x0010a264                LightLock_Lock
 .text.LightLock_Unlock
                0x0010a310       0x40 C:/devkitPro/libctru/lib\libctru.a(synchronization.o)
                0x0010a310                LightLock_Unlock
 .text.RecursiveLock_Lock
                0x0010a350       0x54 C:/devkitPro/libctru/lib\libctru.a(synchronization.o)
                0x0010a350                RecursiveLock_Lock
 .text.RecursiveLock_Unlock
                0x0010a3a4       0x54 C:/devkitPro/libctru/lib\libctru.a(synchronization.o)
                0x0010a3a4                RecursiveLock_Unlock
 .text.LightEvent_Init
                0x0010a3f8       0x44 C:/devkitPro/libctru/lib\libctru.a(synchronization.o)
                0x0010a3f8                LightEvent_Init
 .text.LightEvent_Clear
                0x0010a43c       0xb8 C:/devkitPro/libctru/lib\libctru.a(synchronization.o)
                0x0010a43c                LightEvent_Clear
 .text.LightEvent_Signal
                0x0010a4f4       0xdc C:/devkitPro/libctru/lib\libctru.a(synchronization.o)
                0x0010a4f4                LightEvent_Signal
 .text.LightEvent_TryWait
                0x0010a5d0       0x50 C:/devkitPro/libctru/lib\libctru.a(synchronization.o)
                0x0010a5d0                LightEvent_TryWait
 .text.LightEvent_Wait
                0x0010a620       0xac C:/devkitPro/libctru/lib\libctru.a(synchronization.o)
                0x0010a620                LightEvent_Wait
 .text.threadCreate
                0x0010a6cc      0x1fc C:/devkitPro/libctru/lib\libctru.a(thread.o)
                0x0010a6cc                threadCreate
 .text.threadFree
                0x0010a8c8       0x38 C:/devkitPro/libctru/lib\libctru.a(thread.o)
                0x0010a8c8                threadFree
 .text.threadJoin
                0x0010a900       0x24 C:/devkitPro/libctru/lib\libctru.a(thread.o)
                0x0010a900                threadJoin
 .text.threadGetCurrent
                0x0010a924       0x30 C:/devkitPro/libctru/lib\libctru.a(thread.o)
                0x0010a924                threadGetCurrent
 .text.threadExit
                0x0010a954       0x40 C:/devkitPro/libctru/lib\libctru.a(thread.o)
                0x0010a954                threadExit
 .text._thread_begin
                0x0010a994       0x20 C:/devkitPro/libctru/lib\libctru.a(thread.o)
 .text.mappableFindAddressWithin
                0x0010a9b4       0x90 C:/devkitPro/libctru/lib\libctru.a(mappable.o)
 .text.mappableInit
                0x0010aa44       0x28 C:/devkitPro/libctru/lib\libctru.a(mappable.o)
                0x0010aa44                mappableInit
 .text.mappableAlloc
                0x0010aa6c       0x7c C:/devkitPro/libctru/lib\libctru.a(mappable.o)
                0x0010aa6c                mappableAlloc
 .text.mappableFree
                0x0010aae8        0x4 C:/devkitPro/libctru/lib\libctru.a(mappable.o)
                0x0010aae8                mappableFree
 .text.ptmSysmInit
                0x0010aaec       0x78 C:/devkitPro/libctru/lib\libctru.a(ptmsysm.o)
                0x0010aaec                ptmSysmInit
 .text.ptmSysmExit
                0x0010ab64       0x3c C:/devkitPro/libctru/lib\libctru.a(ptmsysm.o)
                0x0010ab64                ptmSysmExit
 .text.PTMSYSM_ConfigureNew3DSCPU
                0x0010aba0       0x34 C:/devkitPro/libctru/lib\libctru.a(ptmsysm.o)
                0x0010aba0                PTMSYSM_ConfigureNew3DSCPU
 .text.srvPmGetSessionHandle
                0x0010abd4        0xc C:/devkitPro/libctru/lib\libctru.a(srvpm.o)
                0x0010abd4                srvPmGetSessionHandle
 .text.rbtree_node_next
                0x0010abe0       0x60 C:/devkitPro/libctru/lib\libctru.a(rbtree_iterator.o)
                0x0010abe0                rbtree_node_next
 .text.__appExit
                0x0010ac40       0x30 C:/devkitPro/libctru/lib\libctru.a(appExit.o)
                0x0010ac40                __appExit
 .text.__appInit
                0x0010ac70       0x30 C:/devkitPro/libctru/lib\libctru.a(appInit.o)
                0x0010ac70                __appInit
 .text.__libctru_exit
                0x0010aca0       0x90 C:/devkitPro/libctru/lib\libctru.a(ctru_exit.o)
                0x0010aca0                __libctru_exit
 .text.archive_link
                0x0010ad30       0x14 C:/devkitPro/libctru/lib\libctru.a(archive_dev.o)
 .text.archive_dirreset
                0x0010ad44       0x14 C:/devkitPro/libctru/lib\libctru.a(archive_dev.o)
 .text.archive_chmod
                0x0010ad58       0x14 C:/devkitPro/libctru/lib\libctru.a(archive_dev.o)
 .text.error_cmp
                0x0010ad6c       0x24 C:/devkitPro/libctru/lib\libctru.a(archive_dev.o)
 .text.archive_translate_error
                0x0010ad90       0x50 C:/devkitPro/libctru/lib\libctru.a(archive_dev.o)
 .text.archive_seek
                0x0010ade0       0xc0 C:/devkitPro/libctru/lib\libctru.a(archive_dev.o)
 .text._archiveInit.part.0
                0x0010aea0       0x78 C:/devkitPro/libctru/lib\libctru.a(archive_dev.o)
 .text.archiveFindDevice.part.0
                0x0010af18       0xd4 C:/devkitPro/libctru/lib\libctru.a(archive_dev.o)
 .text.archive_utf16path
                0x0010afec      0x298 C:/devkitPro/libctru/lib\libctru.a(archive_dev.o)
 .text._archiveUnmountDeviceStruct.part.0
                0x0010b284       0x98 C:/devkitPro/libctru/lib\libctru.a(archive_dev.o)
 .text.archive_statvfs
                0x0010b31c       0x14 C:/devkitPro/libctru/lib\libctru.a(archive_dev.o)
 .text.archive_fchmod
                0x0010b330       0x14 C:/devkitPro/libctru/lib\libctru.a(archive_dev.o)
 .text._archiveMountDevice
                0x0010b344      0x178 C:/devkitPro/libctru/lib\libctru.a(archive_dev.o)
 .text.archive_diropen
                0x0010b4bc       0xf8 C:/devkitPro/libctru/lib\libctru.a(archive_dev.o)
 .text.archive_fstat
                0x0010b5b4       0xac C:/devkitPro/libctru/lib\libctru.a(archive_dev.o)
 .text.archive_fsync
                0x0010b660       0x74 C:/devkitPro/libctru/lib\libctru.a(archive_dev.o)
 .text.archive_close
                0x0010b6d4       0x74 C:/devkitPro/libctru/lib\libctru.a(archive_dev.o)
 .text.archive_dirclose
                0x0010b748       0x78 C:/devkitPro/libctru/lib\libctru.a(archive_dev.o)
 .text.sdmc_statvfs
                0x0010b7c0       0xec C:/devkitPro/libctru/lib\libctru.a(archive_dev.o)
 .text.archive_chdir
                0x0010b8ac       0xf8 C:/devkitPro/libctru/lib\libctru.a(archive_dev.o)
 .text.archive_ftruncate
                0x0010b9a4       0x8c C:/devkitPro/libctru/lib\libctru.a(archive_dev.o)
 .text.archive_read
                0x0010ba30       0xbc C:/devkitPro/libctru/lib\libctru.a(archive_dev.o)
 .text.archive_unlink
                0x0010baec       0xa8 C:/devkitPro/libctru/lib\libctru.a(archive_dev.o)
 .text.archive_rmdir
                0x0010bb94       0xc0 C:/devkitPro/libctru/lib\libctru.a(archive_dev.o)
 .text.archive_mkdir
                0x0010bc54       0xd8 C:/devkitPro/libctru/lib\libctru.a(archive_dev.o)
 .text.archive_stat
                0x0010bd2c      0x1a0 C:/devkitPro/libctru/lib\libctru.a(archive_dev.o)
 .text.archive_dirnext
                0x0010becc      0x164 C:/devkitPro/libctru/lib\libctru.a(archive_dev.o)
 .text.archive_write
                0x0010c030      0x13c C:/devkitPro/libctru/lib\libctru.a(archive_dev.o)
 *fill*         0x0010c16c        0x4 
 .text.archive_open
                0x0010c170      0x254 C:/devkitPro/libctru/lib\libctru.a(archive_dev.o)
 .text.archive_rename
                0x0010c3c4      0x270 C:/devkitPro/libctru/lib\libctru.a(archive_dev.o)
 .text.archiveMountSdmc
                0x0010c634      0x1c8 C:/devkitPro/libctru/lib\libctru.a(archive_dev.o)
                0x0010c634                archiveMountSdmc
 .text.archiveUnmountAll
                0x0010c7fc       0x54 C:/devkitPro/libctru/lib\libctru.a(archive_dev.o)
                0x0010c7fc                archiveUnmountAll
 .text.decode_utf8
                0x0010c850      0x140 C:/devkitPro/libctru/lib\libctru.a(decode_utf8.o)
                0x0010c850                decode_utf8
 .text.utf16_to_utf8
                0x0010c990       0xe8 C:/devkitPro/libctru/lib\libctru.a(utf16_to_utf8.o)
                0x0010c990                utf16_to_utf8
 .text.utf8_to_utf16
                0x0010ca78       0xc0 C:/devkitPro/libctru/lib\libctru.a(utf8_to_utf16.o)
                0x0010ca78                utf8_to_utf16
 .text.__aeabi_read_tp
                0x0010cb38        0xc C:/devkitPro/libctru/lib\libctru.a(readtp.o)
                0x0010cb38                __aeabi_read_tp
 .text.decode_utf16
                0x0010cb44       0x54 C:/devkitPro/libctru/lib\libctru.a(decode_utf16.o)
                0x0010cb44                decode_utf16
 .text.encode_utf16
                0x0010cb98       0x54 C:/devkitPro/libctru/lib\libctru.a(encode_utf16.o)
                0x0010cb98                encode_utf16
 .text.encode_utf8
                0x0010cbec       0xe0 C:/devkitPro/libctru/lib\libctru.a(encode_utf8.o)
                0x0010cbec                encode_utf8
 *fill*         0x0010cccc        0x4 
 .text.sin      0x0010ccd0       0xb0 C:/devkitPro/devkitARM/bin/../lib/gcc/arm-none-eabi/15.1.0/../../../../arm-none-eabi/lib/armv6k/fpu\libm.a(libm_a-s_sin.o)
                0x0010ccd0                sin
 .text.__ieee754_rem_pio2
                0x0010cd80      0x310 C:/devkitPro/devkitARM/bin/../lib/gcc/arm-none-eabi/15.1.0/../../../../arm-none-eabi/lib/armv6k/fpu\libm.a(libm_a-e_rem_pio2.o)
                0x0010cd80                __ieee754_rem_pio2
 .text.__kernel_rem_pio2
                0x0010d090      0x8b0 C:/devkitPro/devkitARM/bin/../lib/gcc/arm-none-eabi/15.1.0/../../../../arm-none-eabi/lib/armv6k/fpu\libm.a(libm_a-k_rem_pio2.o)
                0x0010d090                __kernel_rem_pio2
 .text.scalbn   0x0010d940      0x140 C:/devkitPro/devkitARM/bin/../lib/gcc/arm-none-eabi/15.1.0/../../../../arm-none-eabi/lib/armv6k/fpu\libm.a(libm_a-s_scalbn.o)
                0x0010d940                scalbn
 .text.__kernel_sin
                0x0010da80       0xc0 C:/devkitPro/devkitARM/bin/../lib/gcc/arm-none-eabi/15.1.0/../../../../arm-none-eabi/lib/armv6k/fpu\libm.a(libm_a-k_sin.o)
                0x0010da80                __kernel_sin
 .text.cos      0x0010db40       0xa8 C:/devkitPro/devkitARM/bin/../lib/gcc/arm-none-eabi/15.1.0/../../../../arm-none-eabi/lib/armv6k/fpu\libm.a(libm_a-s_cos.o)
                0x0010db40                cos
 .text.floor    0x0010dbe8      0x144 C:/devkitPro/devkitARM/bin/../lib/gcc/arm-none-eabi/15.1.0/../../../../arm-none-eabi/lib/armv6k/fpu\libm.a(libm_a-s_floor.o)
                0x0010dbe8                floor
 *fill*         0x0010dd2c        0x4 
 .text.__kernel_cos
                0x0010dd30      0x150 C:/devkitPro/devkitARM/bin/../lib/gcc/arm-none-eabi/15.1.0/../../../../arm-none-eabi/lib/armv6k/fpu\libm.a(libm_a-k_cos.o)
                0x0010dd30                __kernel_cos
 .text.fabs     0x0010de80       0x14 C:/devkitPro/devkitARM/bin/../lib/gcc/arm-none-eabi/15.1.0/../../../../arm-none-eabi/lib/armv6k/fpu\libm.a(libm_a-s_fabs.o)
                0x0010de80                fabs
 .text.__udivmoddi4
                0x0010de94      0x130 C:/devkitPro/devkitARM/bin/../lib/gcc/arm-none-eabi/15.1.0/armv6k/fpu\libgcc.a(_udivmoddi4.o)
                0x0010de94                __udivmoddi4
 .text.strncmp  0x0010dfc4       0xd8 C:/devkitPro/devkitARM/bin/../lib/gcc/arm-none-eabi/15.1.0/../../../../arm-none-eabi/lib/armv6k/fpu\libg.a(libc_a-strncmp.o)
                0x0010dfc4                strncmp
 .text._fclose_r
                0x0010e09c      0x144 C:/devkitPro/devkitARM/bin/../lib/gcc/arm-none-eabi/15.1.0/../../../../arm-none-eabi/lib/armv6k/fpu\libg.a(libc_a-fclose.o)
                0x0010e09c                _fclose_r
 .text.fclose   0x0010e1e0       0x20 C:/devkitPro/devkitARM/bin/../lib/gcc/arm-none-eabi/15.1.0/../../../../arm-none-eabi/lib/armv6k/fpu\libg.a(libc_a-fclose.o)
                0x0010e1e0                fclose
 .text.strlen   0x0010e200       0x8c C:/devkitPro/devkitARM/bin/../lib/gcc/arm-none-eabi/15.1.0/../../../../arm-none-eabi/lib/armv6k/fpu\libg.a(libc_a-strlen.o)
                0x0010e200                strlen
 .text.stdio_exit_handler
                0x0010e28c       0x1c C:/devkitPro/devkitARM/bin/../lib/gcc/arm-none-eabi/15.1.0/../../../../arm-none-eabi/lib/armv6k/fpu\libg.a(libc_a-findfp.o)
 .text.cleanup_stdio
                0x0010e2a8       0x5c C:/devkitPro/devkitARM/bin/../lib/gcc/arm-none-eabi/15.1.0/../../../../arm-none-eabi/lib/armv6k/fpu\libg.a(libc_a-findfp.o)
 .text.global_stdio_init.part.0
                0x0010e304      0x154 C:/devkitPro/devkitARM/bin/../lib/gcc/arm-none-eabi/15.1.0/../../../../arm-none-eabi/lib/armv6k/fpu\libg.a(libc_a-findfp.o)
 .text.__sfp    0x0010e458      0x138 C:/devkitPro/devkitARM/bin/../lib/gcc/arm-none-eabi/15.1.0/../../../../arm-none-eabi/lib/armv6k/fpu\libg.a(libc_a-findfp.o)
                0x0010e458                __sfp
 .text.__sinit  0x0010e590       0x5c C:/devkitPro/devkitARM/bin/../lib/gcc/arm-none-eabi/15.1.0/../../../../arm-none-eabi/lib/armv6k/fpu\libg.a(libc_a-findfp.o)
                0x0010e590                __sinit
 .text.__sfp_lock_acquire
                0x0010e5ec        0xc C:/devkitPro/devkitARM/bin/../lib/gcc/arm-none-eabi/15.1.0/../../../../arm-none-eabi/lib/armv6k/fpu\libg.a(libc_a-findfp.o)
                0x0010e5ec                __sfp_lock_acquire
 .text.__sfp_lock_release
                0x0010e5f8        0xc C:/devkitPro/devkitARM/bin/../lib/gcc/arm-none-eabi/15.1.0/../../../../arm-none-eabi/lib/armv6k/fpu\libg.a(libc_a-findfp.o)
                0x0010e5f8                __sfp_lock_release
 .text._strtoul_l.isra.0
                0x0010e604      0x1ec C:/devkitPro/devkitARM/bin/../lib/gcc/arm-none-eabi/15.1.0/../../../../arm-none-eabi/lib/armv6k/fpu\libg.a(libc_a-strtoul.o)
 .text.strtoul  0x0010e7f0       0x3c C:/devkitPro/devkitARM/bin/../lib/gcc/arm-none-eabi/15.1.0/../../../../arm-none-eabi/lib/armv6k/fpu\libg.a(libc_a-strtoul.o)
                0x0010e7f0                strtoul
 .text.__libc_init_array
                0x0010e82c       0x84 C:/devkitPro/devkitARM/bin/../lib/gcc/arm-none-eabi/15.1.0/../../../../arm-none-eabi/lib/armv6k/fpu\libg.a(libc_a-init.o)
                0x0010e82c                __libc_init_array
 .text.strncat  0x0010e8b0       0x9c C:/devkitPro/devkitARM/bin/../lib/gcc/arm-none-eabi/15.1.0/../../../../arm-none-eabi/lib/armv6k/fpu\libg.a(libc_a-strncat.o)
                0x0010e8b0                strncat
 .text._fwalk_sglue
                0x0010e94c       0x70 C:/devkitPro/devkitARM/bin/../lib/gcc/arm-none-eabi/15.1.0/../../../../arm-none-eabi/lib/armv6k/fpu\libg.a(libc_a-fwalk.o)
                0x0010e94c                _fwalk_sglue
 .text.bsearch  0x0010e9bc       0x78 C:/devkitPro/devkitARM/bin/../lib/gcc/arm-none-eabi/15.1.0/../../../../arm-none-eabi/lib/armv6k/fpu\libg.a(libc_a-bsearch.o)
                0x0010e9bc                bsearch
 .text.__errno  0x0010ea34        0xc C:/devkitPro/devkitARM/bin/../lib/gcc/arm-none-eabi/15.1.0/../../../../arm-none-eabi/lib/armv6k/fpu\libg.a(libc_a-errno.o)
                0x0010ea34                __errno
 .text._puts_r  0x0010ea40       0xe0 C:/devkitPro/devkitARM/bin/../lib/gcc/arm-none-eabi/15.1.0/../../../../arm-none-eabi/lib/armv6k/fpu\libg.a(libc_a-puts.o)
                0x0010ea40                _puts_r
 .text.puts     0x0010eb20       0x20 C:/devkitPro/devkitARM/bin/../lib/gcc/arm-none-eabi/15.1.0/../../../../arm-none-eabi/lib/armv6k/fpu\libg.a(libc_a-puts.o)
                0x0010eb20                puts
 .text._fseek_r
                0x0010eb40       0x1c C:/devkitPro/devkitARM/bin/../lib/gcc/arm-none-eabi/15.1.0/../../../../arm-none-eabi/lib/armv6k/fpu\libg.a(libc_a-fseek.o)
                0x0010eb40                _fseek_r
 .text.fseek    0x0010eb5c       0x34 C:/devkitPro/devkitARM/bin/../lib/gcc/arm-none-eabi/15.1.0/../../../../arm-none-eabi/lib/armv6k/fpu\libg.a(libc_a-fseek.o)
                0x0010eb5c                fseek
 .text.memalign
                0x0010eb90       0x28 C:/devkitPro/devkitARM/bin/../lib/gcc/arm-none-eabi/15.1.0/../../../../arm-none-eabi/lib/armv6k/fpu\libg.a(libc_a-malign.o)
                0x0010eb90                memalign
 .text.putchar  0x0010ebb8       0x24 C:/devkitPro/devkitARM/bin/../lib/gcc/arm-none-eabi/15.1.0/../../../../arm-none-eabi/lib/armv6k/fpu\libg.a(libc_a-putchar.o)
                0x0010ebb8                putchar
 .text._malloc_r
                0x0010ebdc      0x82c C:/devkitPro/devkitARM/bin/../lib/gcc/arm-none-eabi/15.1.0/../../../../arm-none-eabi/lib/armv6k/fpu\libg.a(libc_a-mallocr.o)
                0x0010ebdc                _malloc_r
 .text._malloc_trim_r
                0x0010f408      0x114 C:/devkitPro/devkitARM/bin/../lib/gcc/arm-none-eabi/15.1.0/../../../../arm-none-eabi/lib/armv6k/fpu\libg.a(libc_a-freer.o)
                0x0010f408                _malloc_trim_r
 .text._free_r  0x0010f51c      0x314 C:/devkitPro/devkitARM/bin/../lib/gcc/arm-none-eabi/15.1.0/../../../../arm-none-eabi/lib/armv6k/fpu\libg.a(libc_a-freer.o)
                0x0010f51c                _free_r
 .text.printf   0x0010f830       0x34 C:/devkitPro/devkitARM/bin/../lib/gcc/arm-none-eabi/15.1.0/../../../../arm-none-eabi/lib/armv6k/fpu\libg.a(libc_a-printf.o)
                0x0010f830                printf
 .text.strnlen  0x0010f864       0x3c C:/devkitPro/devkitARM/bin/../lib/gcc/arm-none-eabi/15.1.0/../../../../arm-none-eabi/lib/armv6k/fpu\libg.a(libc_a-strnlen.o)
                0x0010f864                strnlen
 .text.malloc   0x0010f8a0       0x40 C:/devkitPro/devkitARM/bin/../lib/gcc/arm-none-eabi/15.1.0/../../../../arm-none-eabi/lib/armv6k/fpu\libg.a(libc_a-malloc.o)
                0x0010f8a0                malloc
 .text.free     0x0010f8e0       0x20 C:/devkitPro/devkitARM/bin/../lib/gcc/arm-none-eabi/15.1.0/../../../../arm-none-eabi/lib/armv6k/fpu\libg.a(libc_a-malloc.o)
                0x0010f8e0                free
 .text.__sflush_r
                0x0010f900      0x22c C:/devkitPro/devkitARM/bin/../lib/gcc/arm-none-eabi/15.1.0/../../../../arm-none-eabi/lib/armv6k/fpu\libg.a(libc_a-fflush.o)
                0x0010f900                __sflush_r
 .text._fflush_r
                0x0010fb2c       0xc4 C:/devkitPro/devkitARM/bin/../lib/gcc/arm-none-eabi/15.1.0/../../../../arm-none-eabi/lib/armv6k/fpu\libg.a(libc_a-fflush.o)
                0x0010fb2c                _fflush_r
 .text.memset   0x0010fbf0       0xe4 C:/devkitPro/devkitARM/bin/../lib/gcc/arm-none-eabi/15.1.0/../../../../arm-none-eabi/lib/armv6k/fpu\libg.a(libc_a-memset.o)
                0x0010fbf0                memset
 .text._fread_r
                0x0010fcd4      0x334 C:/devkitPro/devkitARM/bin/../lib/gcc/arm-none-eabi/15.1.0/../../../../arm-none-eabi/lib/armv6k/fpu\libg.a(libc_a-fread.o)
                0x0010fcd4                _fread_r
 .text.fread    0x00110008       0x38 C:/devkitPro/devkitARM/bin/../lib/gcc/arm-none-eabi/15.1.0/../../../../arm-none-eabi/lib/armv6k/fpu\libg.a(libc_a-fread.o)
                0x00110008                fread
 .text.__malloc_lock
                0x00110040        0xc C:/devkitPro/devkitARM/bin/../lib/gcc/arm-none-eabi/15.1.0/../../../../arm-none-eabi/lib/armv6k/fpu\libg.a(libc_a-mlock.o)
                0x00110040                __malloc_lock
 .text.__malloc_unlock
                0x0011004c        0xc C:/devkitPro/devkitARM/bin/../lib/gcc/arm-none-eabi/15.1.0/../../../../arm-none-eabi/lib/armv6k/fpu\libg.a(libc_a-mlock.o)
                0x0011004c                __malloc_unlock
 .text.__call_exitprocs
                0x00110058        0x4 C:/devkitPro/devkitARM/bin/../lib/gcc/arm-none-eabi/15.1.0/../../../../arm-none-eabi/lib/armv6k/fpu\libg.a(libc_a-exit.o)
                0x00110058                __call_exitprocs
 .text.exit     0x0011005c       0x30 C:/devkitPro/devkitARM/bin/../lib/gcc/arm-none-eabi/15.1.0/../../../../arm-none-eabi/lib/armv6k/fpu\libg.a(libc_a-exit.o)
                0x0011005c                exit
 .text.setvbuf  0x0011008c      0x294 C:/devkitPro/devkitARM/bin/../lib/gcc/arm-none-eabi/15.1.0/../../../../arm-none-eabi/lib/armv6k/fpu\libg.a(libc_a-setvbuf.o)
                0x0011008c                setvbuf
 .text._fopen_r
                0x00110320      0x134 C:/devkitPro/devkitARM/bin/../lib/gcc/arm-none-eabi/15.1.0/../../../../arm-none-eabi/lib/armv6k/fpu\libg.a(libc_a-fopen.o)
                0x00110320                _fopen_r
 .text.fopen    0x00110454       0x28 C:/devkitPro/devkitARM/bin/../lib/gcc/arm-none-eabi/15.1.0/../../../../arm-none-eabi/lib/armv6k/fpu\libg.a(libc_a-fopen.o)
                0x00110454                fopen
 .text.strncpy  0x0011047c       0xd4 C:/devkitPro/devkitARM/bin/../lib/gcc/arm-none-eabi/15.1.0/../../../../arm-none-eabi/lib/armv6k/fpu\libg.a(libc_a-strncpy.o)
                0x0011047c                strncpy
 .text.ftell    0x00110550       0x34 C:/devkitPro/devkitARM/bin/../lib/gcc/arm-none-eabi/15.1.0/../../../../arm-none-eabi/lib/armv6k/fpu\libg.a(libc_a-ftell.o)
                0x00110550                ftell
 .text.memcpy   0x00110584      0x12c C:/devkitPro/devkitARM/bin/../lib/gcc/arm-none-eabi/15.1.0/../../../../arm-none-eabi/lib/armv6k/fpu\libg.a(libc_a-memcpy-stub.o)
                0x00110584                memcpy
 .text.__sfvwrite_r
                0x001106b0      0x4a4 C:/devkitPro/devkitARM/bin/../lib/gcc/arm-none-eabi/15.1.0/../../../../arm-none-eabi/lib/armv6k/fpu\libg.a(libc_a-fvwrite.o)
                0x001106b0                __sfvwrite_r
 .text.__sread  0x00110b54       0x44 C:/devkitPro/devkitARM/bin/../lib/gcc/arm-none-eabi/15.1.0/../../../../arm-none-eabi/lib/armv6k/fpu\libg.a(libc_a-stdio.o)
                0x00110b54                __sread
 .text.__swrite
                0x00110b98       0x68 C:/devkitPro/devkitARM/bin/../lib/gcc/arm-none-eabi/15.1.0/../../../../arm-none-eabi/lib/armv6k/fpu\libg.a(libc_a-stdio.o)
                0x00110b98                __swrite
 .text.__sseek  0x00110c00       0x40 C:/devkitPro/devkitARM/bin/../lib/gcc/arm-none-eabi/15.1.0/../../../../arm-none-eabi/lib/armv6k/fpu\libg.a(libc_a-stdio.o)
                0x00110c00                __sseek
 .text.__sclose
                0x00110c40        0x8 C:/devkitPro/devkitARM/bin/../lib/gcc/arm-none-eabi/15.1.0/../../../../arm-none-eabi/lib/armv6k/fpu\libg.a(libc_a-stdio.o)
                0x00110c40                __sclose
 .text.memmove  0x00110c48      0x16c C:/devkitPro/devkitARM/bin/../lib/gcc/arm-none-eabi/15.1.0/../../../../arm-none-eabi/lib/armv6k/fpu\libg.a(libc_a-memmove.o)
                0x00110c48                memmove
 .text._memalign_r
                0x00110db4      0x16c C:/devkitPro/devkitARM/bin/../lib/gcc/arm-none-eabi/15.1.0/../../../../arm-none-eabi/lib/armv6k/fpu\libg.a(libc_a-malignr.o)
                0x00110db4                _memalign_r
 .text._putc_r  0x00110f20       0xfc C:/devkitPro/devkitARM/bin/../lib/gcc/arm-none-eabi/15.1.0/../../../../arm-none-eabi/lib/armv6k/fpu\libg.a(libc_a-putc.o)
                0x00110f20                _putc_r
 .text._fseeko_r
                0x0011101c      0x588 C:/devkitPro/devkitARM/bin/../lib/gcc/arm-none-eabi/15.1.0/../../../../arm-none-eabi/lib/armv6k/fpu\libg.a(libc_a-fseeko.o)
                0x0011101c                _fseeko_r
 .text.get_arg  0x001115a4      0x5e0 C:/devkitPro/devkitARM/bin/../lib/gcc/arm-none-eabi/15.1.0/../../../../arm-none-eabi/lib/armv6k/fpu\libg.a(libc_a-vfprintf.o)
 *fill*         0x00111b84        0x4 
 .text._vfprintf_r
                0x00111b88     0x3554 C:/devkitPro/devkitARM/bin/../lib/gcc/arm-none-eabi/15.1.0/../../../../arm-none-eabi/lib/armv6k/fpu\libg.a(libc_a-vfprintf.o)
                0x00111b88                _vfprintf_r
 .text.__sbprintf
                0x001150dc       0xb4 C:/devkitPro/devkitARM/bin/../lib/gcc/arm-none-eabi/15.1.0/../../../../arm-none-eabi/lib/armv6k/fpu\libg.a(libc_a-vfprintf.o)
 .text.memchr   0x00115190       0xe8 C:/devkitPro/devkitARM/bin/../lib/gcc/arm-none-eabi/15.1.0/../../../../arm-none-eabi/lib/armv6k/fpu\libg.a(libc_a-memchr-stub.o)
                0x00115190                memchr
 .text.quorem   0x00115278      0x1c0 C:/devkitPro/devkitARM/bin/../lib/gcc/arm-none-eabi/15.1.0/../../../../arm-none-eabi/lib/armv6k/fpu\libg.a(libc_a-dtoa.o)
 .text._dtoa_r  0x00115438     0x13f0 C:/devkitPro/devkitARM/bin/../lib/gcc/arm-none-eabi/15.1.0/../../../../arm-none-eabi/lib/armv6k/fpu\libg.a(libc_a-dtoa.o)
                0x00115438                _dtoa_r
 .text._wcrtomb_r
                0x00116828       0xa0 C:/devkitPro/devkitARM/bin/../lib/gcc/arm-none-eabi/15.1.0/../../../../arm-none-eabi/lib/armv6k/fpu\libg.a(libc_a-wcrtomb.o)
                0x00116828                _wcrtomb_r
 .text.__sflags
                0x001168c8       0xb8 C:/devkitPro/devkitARM/bin/../lib/gcc/arm-none-eabi/15.1.0/../../../../arm-none-eabi/lib/armv6k/fpu\libg.a(libc_a-flags.o)
                0x001168c8                __sflags
 .text.__libc_fini_array
                0x00116980       0x3c C:/devkitPro/devkitARM/bin/../lib/gcc/arm-none-eabi/15.1.0/../../../../arm-none-eabi/lib/armv6k/fpu\libg.a(libc_a-fini.o)
                0x00116980                __libc_fini_array
 .text.lflush   0x001169bc       0x38 C:/devkitPro/devkitARM/bin/../lib/gcc/arm-none-eabi/15.1.0/../../../../arm-none-eabi/lib/armv6k/fpu\libg.a(libc_a-refill.o)
 .text.__srefill_r
                0x001169f4      0x1a8 C:/devkitPro/devkitARM/bin/../lib/gcc/arm-none-eabi/15.1.0/../../../../arm-none-eabi/lib/armv6k/fpu\libg.a(libc_a-refill.o)
                0x001169f4                __srefill_r
 .text.__smakebuf_r
                0x00116b9c      0x164 C:/devkitPro/devkitARM/bin/../lib/gcc/arm-none-eabi/15.1.0/../../../../arm-none-eabi/lib/armv6k/fpu\libg.a(libc_a-makebuf.o)
                0x00116b9c                __smakebuf_r
 .text.__swhatbuf_r
                0x00116d00       0x90 C:/devkitPro/devkitARM/bin/../lib/gcc/arm-none-eabi/15.1.0/../../../../arm-none-eabi/lib/armv6k/fpu\libg.a(libc_a-makebuf.o)
                0x00116d00                __swhatbuf_r
 .text._realloc_r
                0x00116d90      0x4f0 C:/devkitPro/devkitARM/bin/../lib/gcc/arm-none-eabi/15.1.0/../../../../arm-none-eabi/lib/armv6k/fpu\libg.a(libc_a-reallocr.o)
                0x00116d90                _realloc_r
 .text._ftello_r
                0x00117280      0x1c4 C:/devkitPro/devkitARM/bin/../lib/gcc/arm-none-eabi/15.1.0/../../../../arm-none-eabi/lib/armv6k/fpu\libg.a(libc_a-ftello.o)
                0x00117280                _ftello_r
 .text._wcsrtombs_r
                0x00117444       0x28 C:/devkitPro/devkitARM/bin/../lib/gcc/arm-none-eabi/15.1.0/../../../../arm-none-eabi/lib/armv6k/fpu\libg.a(libc_a-wcsrtombs.o)
                0x00117444                _wcsrtombs_r
 .text.__swsetup_r
                0x0011746c      0x140 C:/devkitPro/devkitARM/bin/../lib/gcc/arm-none-eabi/15.1.0/../../../../arm-none-eabi/lib/armv6k/fpu\libg.a(libc_a-wsetup.o)
                0x0011746c                __swsetup_r
 *fill*         0x001175ac        0x4 
 .text.frexp    0x001175b0       0x88 C:/devkitPro/devkitARM/bin/../lib/gcc/arm-none-eabi/15.1.0/../../../../arm-none-eabi/lib/armv6k/fpu\libg.a(libm_a-s_frexp.o)
                0x001175b0                frexp
 .text.__assert_func
                0x00117638       0x5c C:/devkitPro/devkitARM/bin/../lib/gcc/arm-none-eabi/15.1.0/../../../../arm-none-eabi/lib/armv6k/fpu\libg.a(libc_a-assert.o)
                0x00117638                __assert_func
 .text._Balloc  0x00117694       0x88 C:/devkitPro/devkitARM/bin/../lib/gcc/arm-none-eabi/15.1.0/../../../../arm-none-eabi/lib/armv6k/fpu\libg.a(libc_a-mprec.o)
                0x00117694                _Balloc
 .text._Bfree   0x0011771c       0x1c C:/devkitPro/devkitARM/bin/../lib/gcc/arm-none-eabi/15.1.0/../../../../arm-none-eabi/lib/armv6k/fpu\libg.a(libc_a-mprec.o)
                0x0011771c                _Bfree
 .text.__multadd
                0x00117738       0xf4 C:/devkitPro/devkitARM/bin/../lib/gcc/arm-none-eabi/15.1.0/../../../../arm-none-eabi/lib/armv6k/fpu\libg.a(libc_a-mprec.o)
                0x00117738                __multadd
 .text.__hi0bits
                0x0011782c       0x80 C:/devkitPro/devkitARM/bin/../lib/gcc/arm-none-eabi/15.1.0/../../../../arm-none-eabi/lib/armv6k/fpu\libg.a(libc_a-mprec.o)
                0x0011782c                __hi0bits
 .text.__lo0bits
                0x001178ac       0xf0 C:/devkitPro/devkitARM/bin/../lib/gcc/arm-none-eabi/15.1.0/../../../../arm-none-eabi/lib/armv6k/fpu\libg.a(libc_a-mprec.o)
                0x001178ac                __lo0bits
 .text.__i2b    0x0011799c       0xa4 C:/devkitPro/devkitARM/bin/../lib/gcc/arm-none-eabi/15.1.0/../../../../arm-none-eabi/lib/armv6k/fpu\libg.a(libc_a-mprec.o)
                0x0011799c                __i2b
 .text.__multiply
                0x00117a40      0x230 C:/devkitPro/devkitARM/bin/../lib/gcc/arm-none-eabi/15.1.0/../../../../arm-none-eabi/lib/armv6k/fpu\libg.a(libc_a-mprec.o)
                0x00117a40                __multiply
 .text.__pow5mult
                0x00117c70      0x130 C:/devkitPro/devkitARM/bin/../lib/gcc/arm-none-eabi/15.1.0/../../../../arm-none-eabi/lib/armv6k/fpu\libg.a(libc_a-mprec.o)
                0x00117c70                __pow5mult
 .text.__lshift
                0x00117da0      0x138 C:/devkitPro/devkitARM/bin/../lib/gcc/arm-none-eabi/15.1.0/../../../../arm-none-eabi/lib/armv6k/fpu\libg.a(libc_a-mprec.o)
                0x00117da0                __lshift
 .text.__mcmp   0x00117ed8       0x58 C:/devkitPro/devkitARM/bin/../lib/gcc/arm-none-eabi/15.1.0/../../../../arm-none-eabi/lib/armv6k/fpu\libg.a(libc_a-mprec.o)
                0x00117ed8                __mcmp
 .text.__mdiff  0x00117f30      0x218 C:/devkitPro/devkitARM/bin/../lib/gcc/arm-none-eabi/15.1.0/../../../../arm-none-eabi/lib/armv6k/fpu\libg.a(libc_a-mprec.o)
                0x00117f30                __mdiff
 .text.__d2b    0x00118148      0x120 C:/devkitPro/devkitARM/bin/../lib/gcc/arm-none-eabi/15.1.0/../../../../arm-none-eabi/lib/armv6k/fpu\libg.a(libc_a-mprec.o)
                0x00118148                __d2b
 .text.__locale_mb_cur_max
                0x00118268       0x24 C:/devkitPro/devkitARM/bin/../lib/gcc/arm-none-eabi/15.1.0/../../../../arm-none-eabi/lib/armv6k/fpu\libg.a(libc_a-locale.o)
                0x00118268                __locale_mb_cur_max
 .text.fiprintf
                0x0011828c       0x3c C:/devkitPro/devkitARM/bin/../lib/gcc/arm-none-eabi/15.1.0/../../../../arm-none-eabi/lib/armv6k/fpu\libg.a(libc_a-fiprintf.o)
                0x0011828c                fiprintf
 .text.__swbuf_r
                0x001182c8      0x124 C:/devkitPro/devkitARM/bin/../lib/gcc/arm-none-eabi/15.1.0/../../../../arm-none-eabi/lib/armv6k/fpu\libg.a(libc_a-wbuf.o)
                0x001182c8                __swbuf_r
 .text._wcsnrtombs_l
                0x001183ec      0x15c C:/devkitPro/devkitARM/bin/../lib/gcc/arm-none-eabi/15.1.0/../../../../arm-none-eabi/lib/armv6k/fpu\libg.a(libc_a-wcsnrtombs.o)
                0x001183ec                _wcsnrtombs_l
 .text._wcsnrtombs_r
                0x00118548       0x64 C:/devkitPro/devkitARM/bin/../lib/gcc/arm-none-eabi/15.1.0/../../../../arm-none-eabi/lib/armv6k/fpu\libg.a(libc_a-wcsnrtombs.o)
                0x00118548                _wcsnrtombs_r
 .text.__utf8_mbtowc
                0x001185ac      0x340 C:/devkitPro/devkitARM/bin/../lib/gcc/arm-none-eabi/15.1.0/../../../../arm-none-eabi/lib/armv6k/fpu\libg.a(libc_a-mbtowc_r.o)
                0x001185ac                __utf8_mbtowc
 .text.__sprint_r
                0x001188ec       0x30 C:/devkitPro/devkitARM/bin/../lib/gcc/arm-none-eabi/15.1.0/../../../../arm-none-eabi/lib/armv6k/fpu\libg.a(libc_a-sprint_r.o)
                0x001188ec                __sprint_r
 .text.abort    0x0011891c       0x14 C:/devkitPro/devkitARM/bin/../lib/gcc/arm-none-eabi/15.1.0/../../../../arm-none-eabi/lib/armv6k/fpu\libg.a(libc_a-abort.o)
                0x0011891c                abort
 .text._localeconv_r
                0x00118930       0x24 C:/devkitPro/devkitARM/bin/../lib/gcc/arm-none-eabi/15.1.0/../../../../arm-none-eabi/lib/armv6k/fpu\libg.a(libc_a-localeconv.o)
                0x00118930                _localeconv_r
 .text._calloc_r
                0x00118954       0xd8 C:/devkitPro/devkitARM/bin/../lib/gcc/arm-none-eabi/15.1.0/../../../../arm-none-eabi/lib/armv6k/fpu\libg.a(libc_a-callocr.o)
                0x00118954                _calloc_r
 .text.__utf8_wctomb
                0x00118a2c       0xf8 C:/devkitPro/devkitARM/bin/../lib/gcc/arm-none-eabi/15.1.0/../../../../arm-none-eabi/lib/armv6k/fpu\libg.a(libc_a-wctomb_r.o)
                0x00118a2c                __utf8_wctomb
 .text.strchr   0x00118b24      0x140 C:/devkitPro/devkitARM/bin/../lib/gcc/arm-none-eabi/15.1.0/../../../../arm-none-eabi/lib/armv6k/fpu\libg.a(libc_a-strchr.o)
                0x00118b24                strchr
 .text._raise_r
                0x00118c64       0x9c C:/devkitPro/devkitARM/bin/../lib/gcc/arm-none-eabi/15.1.0/../../../../arm-none-eabi/lib/armv6k/fpu\libg.a(libc_a-signal.o)
                0x00118c64                _raise_r
 .text.raise    0x00118d00       0x20 C:/devkitPro/devkitARM/bin/../lib/gcc/arm-none-eabi/15.1.0/../../../../arm-none-eabi/lib/armv6k/fpu\libg.a(libc_a-signal.o)
                0x00118d00                raise
 .text.get_arg  0x00118d20      0x5e0 C:/devkitPro/devkitARM/bin/../lib/gcc/arm-none-eabi/15.1.0/../../../../arm-none-eabi/lib/armv6k/fpu\libg.a(libc_a-vfiprintf.o)
 .text._vfiprintf_r
                0x00119300     0x22f8 C:/devkitPro/devkitARM/bin/../lib/gcc/arm-none-eabi/15.1.0/../../../../arm-none-eabi/lib/armv6k/fpu\libg.a(libc_a-vfiprintf.o)
                0x00119300                _vfiprintf_r
 .text.__sbprintf
                0x0011b5f8       0xb4 C:/devkitPro/devkitARM/bin/../lib/gcc/arm-none-eabi/15.1.0/../../../../arm-none-eabi/lib/armv6k/fpu\libg.a(libc_a-vfiprintf.o)
 .text._exit    0x0011b6ac       0x20 C:/devkitPro/devkitARM/bin/../lib/gcc/arm-none-eabi/15.1.0/../../../../arm-none-eabi/lib/armv6k/fpu\libsysbase.a(libsysbase_libsysbase_a-_exit.o)
                0x0011b6ac                _exit
 .text.chdir    0x0011b6cc      0x140 C:/devkitPro/devkitARM/bin/../lib/gcc/arm-none-eabi/15.1.0/../../../../arm-none-eabi/lib/armv6k/fpu\libsysbase.a(libsysbase_libsysbase_a-chdir.o)
                0x0011b6cc                chdir
 .text._concatenate_path
                0x0011b80c      0x1c8 C:/devkitPro/devkitARM/bin/../lib/gcc/arm-none-eabi/15.1.0/../../../../arm-none-eabi/lib/armv6k/fpu\libsysbase.a(libsysbase_libsysbase_a-concatenate.o)
                0x0011b80c                _concatenate_path
 .text._fstat_r
                0x0011b9d4       0x9c C:/devkitPro/devkitARM/bin/../lib/gcc/arm-none-eabi/15.1.0/../../../../arm-none-eabi/lib/armv6k/fpu\libsysbase.a(libsysbase_libsysbase_a-fstat.o)
                0x0011b9d4                _fstat_r
 .text._getpid_r
                0x0011ba70       0x14 C:/devkitPro/devkitARM/bin/../lib/gcc/arm-none-eabi/15.1.0/../../../../arm-none-eabi/lib/armv6k/fpu\libsysbase.a(libsysbase_libsysbase_a-getpid.o)
                0x0011ba70                _getpid_r
 .text.__getreent
                0x0011ba84       0x2c C:/devkitPro/devkitARM/bin/../lib/gcc/arm-none-eabi/15.1.0/../../../../arm-none-eabi/lib/armv6k/fpu\libsysbase.a(libsysbase_libsysbase_a-getreent.o)
                0x0011ba84                __getreent
 .text.__release_handle
                0x0011bab0       0xa0 C:/devkitPro/devkitARM/bin/../lib/gcc/arm-none-eabi/15.1.0/../../../../arm-none-eabi/lib/armv6k/fpu\libsysbase.a(libsysbase_libsysbase_a-handle_manager.o)
                0x0011bab0                __release_handle
 .text.__alloc_handle
                0x0011bb50       0xb0 C:/devkitPro/devkitARM/bin/../lib/gcc/arm-none-eabi/15.1.0/../../../../arm-none-eabi/lib/armv6k/fpu\libsysbase.a(libsysbase_libsysbase_a-handle_manager.o)
                0x0011bb50                __alloc_handle
 .text.__get_handle
                0x0011bc00       0x58 C:/devkitPro/devkitARM/bin/../lib/gcc/arm-none-eabi/15.1.0/../../../../arm-none-eabi/lib/armv6k/fpu\libsysbase.a(libsysbase_libsysbase_a-handle_manager.o)
                0x0011bc00                __get_handle
 .text._close_r
                0x0011bc58      0x110 C:/devkitPro/devkitARM/bin/../lib/gcc/arm-none-eabi/15.1.0/../../../../arm-none-eabi/lib/armv6k/fpu\libsysbase.a(libsysbase_libsysbase_a-handle_manager.o)
                0x0011bc58                _close_r
 .text.null_write
                0x0011bd68        0x8 C:/devkitPro/devkitARM/bin/../lib/gcc/arm-none-eabi/15.1.0/../../../../arm-none-eabi/lib/armv6k/fpu\libsysbase.a(libsysbase_libsysbase_a-iosupport.o)
 .text.setDefaultDevice
                0x0011bd70       0x18 C:/devkitPro/devkitARM/bin/../lib/gcc/arm-none-eabi/15.1.0/../../../../arm-none-eabi/lib/armv6k/fpu\libsysbase.a(libsysbase_libsysbase_a-iosupport.o)
                0x0011bd70                setDefaultDevice
 .text.FindDevice
                0x0011bd88       0xc4 C:/devkitPro/devkitARM/bin/../lib/gcc/arm-none-eabi/15.1.0/../../../../arm-none-eabi/lib/armv6k/fpu\libsysbase.a(libsysbase_libsysbase_a-iosupport.o)
                0x0011bd88                FindDevice
 .text.RemoveDevice
                0x0011be4c       0x28 C:/devkitPro/devkitARM/bin/../lib/gcc/arm-none-eabi/15.1.0/../../../../arm-none-eabi/lib/armv6k/fpu\libsysbase.a(libsysbase_libsysbase_a-iosupport.o)
                0x0011be4c                RemoveDevice
 .text.AddDevice
                0x0011be74       0x98 C:/devkitPro/devkitARM/bin/../lib/gcc/arm-none-eabi/15.1.0/../../../../arm-none-eabi/lib/armv6k/fpu\libsysbase.a(libsysbase_libsysbase_a-iosupport.o)
                0x0011be74                AddDevice
 .text.GetDeviceOpTab
                0x0011bf0c       0x20 C:/devkitPro/devkitARM/bin/../lib/gcc/arm-none-eabi/15.1.0/../../../../arm-none-eabi/lib/armv6k/fpu\libsysbase.a(libsysbase_libsysbase_a-iosupport.o)
                0x0011bf0c                GetDeviceOpTab
 .text._isatty_r
                0x0011bf2c        0x8 C:/devkitPro/devkitARM/bin/../lib/gcc/arm-none-eabi/15.1.0/../../../../arm-none-eabi/lib/armv6k/fpu\libsysbase.a(libsysbase_libsysbase_a-isatty.o)
                0x0011bf2c                _isatty_r
 .text._kill_r  0x0011bf34       0x14 C:/devkitPro/devkitARM/bin/../lib/gcc/arm-none-eabi/15.1.0/../../../../arm-none-eabi/lib/armv6k/fpu\libsysbase.a(libsysbase_libsysbase_a-kill.o)
                0x0011bf34                _kill_r
 .text._lseek_r
                0x0011bf48       0x94 C:/devkitPro/devkitARM/bin/../lib/gcc/arm-none-eabi/15.1.0/../../../../arm-none-eabi/lib/armv6k/fpu\libsysbase.a(libsysbase_libsysbase_a-lseek.o)
                0x0011bf48                _lseek_r
 .text._open_r  0x0011bfdc       0xc0 C:/devkitPro/devkitARM/bin/../lib/gcc/arm-none-eabi/15.1.0/../../../../arm-none-eabi/lib/armv6k/fpu\libsysbase.a(libsysbase_libsysbase_a-open.o)
                0x0011bfdc                _open_r
 .text._read_r  0x0011c09c       0x94 C:/devkitPro/devkitARM/bin/../lib/gcc/arm-none-eabi/15.1.0/../../../../arm-none-eabi/lib/armv6k/fpu\libsysbase.a(libsysbase_libsysbase_a-read.o)
                0x0011c09c                _read_r
 .text._sbrk_r  0x0011c130       0x78 C:/devkitPro/devkitARM/bin/../lib/gcc/arm-none-eabi/15.1.0/../../../../arm-none-eabi/lib/armv6k/fpu\libsysbase.a(libsysbase_libsysbase_a-sbrk.o)
                0x0011c130                _sbrk_r
 .text.__libc_lock_acquire
                0x0011c1a8       0x1c C:/devkitPro/devkitARM/bin/../lib/gcc/arm-none-eabi/15.1.0/../../../../arm-none-eabi/lib/armv6k/fpu\libsysbase.a(libsysbase_libsysbase_a-syscall_support.o)
                0x0011c1a8                __libc_lock_acquire
 .text.__libc_lock_release
                0x0011c1c4       0x1c C:/devkitPro/devkitARM/bin/../lib/gcc/arm-none-eabi/15.1.0/../../../../arm-none-eabi/lib/armv6k/fpu\libsysbase.a(libsysbase_libsysbase_a-syscall_support.o)
                0x0011c1c4                __libc_lock_release
 .text.__libc_lock_acquire_recursive
                0x0011c1e0       0x1c C:/devkitPro/devkitARM/bin/../lib/gcc/arm-none-eabi/15.1.0/../../../../arm-none-eabi/lib/armv6k/fpu\libsysbase.a(libsysbase_libsysbase_a-syscall_support.o)
                0x0011c1e0                __libc_lock_acquire_recursive
 .text.__libc_lock_release_recursive
                0x0011c1fc       0x1c C:/devkitPro/devkitARM/bin/../lib/gcc/arm-none-eabi/15.1.0/../../../../arm-none-eabi/lib/armv6k/fpu\libsysbase.a(libsysbase_libsysbase_a-syscall_support.o)
                0x0011c1fc                __libc_lock_release_recursive
 .text._write_r
                0x0011c218       0x94 C:/devkitPro/devkitARM/bin/../lib/gcc/arm-none-eabi/15.1.0/../../../../arm-none-eabi/lib/armv6k/fpu\libsysbase.a(libsysbase_libsysbase_a-write.o)
                0x0011c218                _write_r
 .text.strrchr  0x0011c2ac       0x48 C:/devkitPro/devkitARM/bin/../lib/gcc/arm-none-eabi/15.1.0/../../../../arm-none-eabi/lib/armv6k/fpu\libg.a(libc_a-strrchr.o)
                0x0011c2ac                strrchr
 *(.glue_7)
 .glue_7        0x0011c2f4        0x0 linker stubs
 *(.glue_7t)
 .glue_7t       0x0011c2f4        0x0 linker stubs
 *(.stub)
 *(.gnu.warning)
 *(.gnu.linkonce.t*)
                0x0011c2f4                        . = ALIGN (0x4)
 *(.fini)
 .fini          0x0011c2f4        0xc C:/devkitPro/devkitARM/bin/../lib/gcc/arm-none-eabi/15.1.0/armv6k/fpu/crti.o
                0x0011c2f4                _fini
 .fini          0x0011c300        0xc C:/devkitPro/devkitARM/bin/../lib/gcc/arm-none-eabi/15.1.0/armv6k/fpu/crtn.o
                0x0011c30c                        . = ALIGN (0x4)

.vfp11_veneer   0x0011c30c        0x0
 .vfp11_veneer  0x0011c30c        0x0 linker stubs

.v4_bx          0x0011c30c        0x0
 .v4_bx         0x0011c30c        0x0 linker stubs

.iplt           0x0011c30c        0x0
 .iplt          0x0011c30c        0x0 C:/devkitPro/devkitARM/bin/../lib/gcc/arm-none-eabi/15.1.0/../../../../arm-none-eabi/lib/armv6k/fpu/3dsx_crt0.o
                0x0011d000                        . = ALIGN (0x1000)

.rodata         0x0011d000     0x1658
 *(.rodata)
 .rodata        0x0011d000       0x18 C:/devkitPro/libctru/lib\libctru.a(ndsp.o)
 .rodata        0x0011d018        0xc C:/devkitPro/libctru/lib\libctru.a(archive_dev.o)
 *(.roda)
 *(.rodata.*)
 .rodata.str1.4
                0x0011d024      0x260 main.o
                                 0x59 (size before relaxing)
 .rodata.consolePrintChar
                0x0011d284        0x6 C:/devkitPro/libctru/lib\libctru.a(console.o)
 .rodata.con_write
                0x0011d28a      0x164 C:/devkitPro/libctru/lib\libctru.a(console.o)
 .rodata.str1.4
                0x0011d3ee       0x10 C:/devkitPro/libctru/lib\libctru.a(console.o)
 *fill*         0x0011d3ee        0x2 
 .rodata.dotab_stdout
                0x0011d3f0       0x80 C:/devkitPro/libctru/lib\libctru.a(console.o)
 .rodata.grayScale
                0x0011d470       0x18 C:/devkitPro/libctru/lib\libctru.a(console.o)
 .rodata.colorCube
                0x0011d488        0x6 C:/devkitPro/libctru/lib\libctru.a(console.o)
 *fill*         0x0011d48e        0x2 
 .rodata.colorTable
                0x0011d490       0x30 C:/devkitPro/libctru/lib\libctru.a(console.o)
 .rodata.ndspInit.str1.4
                0x0011d4c0        0x8 C:/devkitPro/libctru/lib\libctru.a(ndsp.o)
 .rodata.dsp_filename.0
                0x0011d4c0       0x11 C:/devkitPro/libctru/lib\libctru.a(ndsp.o)
 .rodata.str1.4
                0x0011d4d1        0x1 C:/devkitPro/libctru/lib\libctru.a(ndsp.o)
 .rodata.aptEventHandler
                0x0011d4d1        0xb C:/devkitPro/libctru/lib\libctru.a(apt.o)
 .rodata.aptWaitForWakeUp.isra.0
                0x0011d4dc       0x11 C:/devkitPro/libctru/lib\libctru.a(apt.o)
 *fill*         0x0011d4ed        0x3 
 .rodata.morton_y.2
                0x0011d4f0        0x8 C:/devkitPro/libctru/lib\libctru.a(apt.o)
 .rodata.morton_x.3
                0x0011d4f8        0x8 C:/devkitPro/libctru/lib\libctru.a(apt.o)
 .rodata.s_sleepWakeEvents.4
                0x0011d500        0x8 C:/devkitPro/libctru/lib\libctru.a(apt.o)
 .rodata.str1.4
                0x0011d508       0x16 C:/devkitPro/libctru/lib\libctru.a(apt.o)
 .rodata.serviceNameTable.5
                0x0011d508        0xc C:/devkitPro/libctru/lib\libctru.a(apt.o)
 .rodata.cfguInit.str1.4
                0x0011d514       0x16 C:/devkitPro/libctru/lib\libctru.a(cfgu.o)
 .rodata.dspInit.str1.4
                0x0011d514        0x9 C:/devkitPro/libctru/lib\libctru.a(dsp.o)
 .rodata.fsInit.str1.4
                0x0011d514        0x8 C:/devkitPro/libctru/lib\libctru.a(fs.o)
 .rodata.gspInit.str1.4
                0x0011d514        0x9 C:/devkitPro/libctru/lib\libctru.a(gspgpu.o)
 .rodata.hidInit.str1.4
                0x0011d514       0x15 C:/devkitPro/libctru/lib\libctru.a(hid.o)
 .rodata.irrstInit.str1.4
                0x0011d514        0x7 C:/devkitPro/libctru/lib\libctru.a(irrst.o)
 .rodata.__system_initArgv.str1.4
                0x0011d514        0xa C:/devkitPro/libctru/lib\libctru.a(initArgv.o)
 .rodata.default_font_bin
                0x0011d514      0x800 C:/devkitPro/libctru/lib\libctru.a(default_font.bin.o)
                0x0011d514                default_font_bin
                0x0011dd14                default_font_bin_end
 .rodata.srvInit.str1.4
                0x0011dd14        0x5 C:/devkitPro/libctru/lib\libctru.a(srv.o)
 .rodata.ptmSysmInit.str1.4
                0x0011dd14        0x9 C:/devkitPro/libctru/lib\libctru.a(ptmsysm.o)
 .rodata.archive_utf16path.str1.4
                0x0011dd14        0x2 C:/devkitPro/libctru/lib\libctru.a(archive_dev.o)
 .rodata._archiveUnmountDeviceStruct.part.0.str1.4
                0x0011dd14        0x2 C:/devkitPro/libctru/lib\libctru.a(archive_dev.o)
 .rodata._archiveMountDevice.str1.4
                0x0011dd14        0xc C:/devkitPro/libctru/lib\libctru.a(archive_dev.o)
 .rodata.archiveMountSdmc.str1.4
                0x0011dd14        0x5 C:/devkitPro/libctru/lib\libctru.a(archive_dev.o)
 .rodata.error_table
                0x0011dd14       0x30 C:/devkitPro/libctru/lib\libctru.a(archive_dev.o)
 .rodata.str1.4
                0x0011dd44        0x8 C:/devkitPro/libctru/lib\libctru.a(archive_dev.o)
 .rodata.archive_devoptab
                0x0011dd44       0x80 C:/devkitPro/libctru/lib\libctru.a(archive_dev.o)
 .rodata.npio2_hw
                0x0011ddc4       0x80 C:/devkitPro/devkitARM/bin/../lib/gcc/arm-none-eabi/15.1.0/../../../../arm-none-eabi/lib/armv6k/fpu\libm.a(libm_a-e_rem_pio2.o)
 .rodata.two_over_pi
                0x0011de44      0x108 C:/devkitPro/devkitARM/bin/../lib/gcc/arm-none-eabi/15.1.0/../../../../arm-none-eabi/lib/armv6k/fpu\libm.a(libm_a-e_rem_pio2.o)
 *fill*         0x0011df4c        0x4 
 .rodata.PIo2   0x0011df50       0x40 C:/devkitPro/devkitARM/bin/../lib/gcc/arm-none-eabi/15.1.0/../../../../arm-none-eabi/lib/armv6k/fpu\libm.a(libm_a-k_rem_pio2.o)
 .rodata.init_jk
                0x0011df90       0x10 C:/devkitPro/devkitARM/bin/../lib/gcc/arm-none-eabi/15.1.0/../../../../arm-none-eabi/lib/armv6k/fpu\libm.a(libm_a-k_rem_pio2.o)
 .rodata._puts_r.str1.4
                0x0011dfa0        0x2 C:/devkitPro/devkitARM/bin/../lib/gcc/arm-none-eabi/15.1.0/../../../../arm-none-eabi/lib/armv6k/fpu\libg.a(libc_a-puts.o)
 .rodata._ctype_
                0x0011dfa0      0x101 C:/devkitPro/devkitARM/bin/../lib/gcc/arm-none-eabi/15.1.0/../../../../arm-none-eabi/lib/armv6k/fpu\libg.a(libc_a-ctype_.o)
                0x0011dfa0                _ctype_
 *fill*         0x0011e0a1        0x1 
 .rodata.get_arg
                0x0011e0a2       0x34 C:/devkitPro/devkitARM/bin/../lib/gcc/arm-none-eabi/15.1.0/../../../../arm-none-eabi/lib/armv6k/fpu\libg.a(libc_a-vfprintf.o)
 .rodata._vfprintf_r.str1.1
                0x0011e0d6       0x3b C:/devkitPro/devkitARM/bin/../lib/gcc/arm-none-eabi/15.1.0/../../../../arm-none-eabi/lib/armv6k/fpu\libg.a(libc_a-vfprintf.o)
 *fill*         0x0011e111        0x1 
 .rodata._vfprintf_r
                0x0011e112       0xb6 C:/devkitPro/devkitARM/bin/../lib/gcc/arm-none-eabi/15.1.0/../../../../arm-none-eabi/lib/armv6k/fpu\libg.a(libc_a-vfprintf.o)
 .rodata.zeroes.0
                0x0011e1c8       0x10 C:/devkitPro/devkitARM/bin/../lib/gcc/arm-none-eabi/15.1.0/../../../../arm-none-eabi/lib/armv6k/fpu\libg.a(libc_a-vfprintf.o)
 .rodata.blanks.1
                0x0011e1d8       0x10 C:/devkitPro/devkitARM/bin/../lib/gcc/arm-none-eabi/15.1.0/../../../../arm-none-eabi/lib/armv6k/fpu\libg.a(libc_a-vfprintf.o)
 .rodata._dtoa_r.str1.4
                0x0011e1e8       0x6a C:/devkitPro/devkitARM/bin/../lib/gcc/arm-none-eabi/15.1.0/../../../../arm-none-eabi/lib/armv6k/fpu\libg.a(libc_a-dtoa.o)
 .rodata._dtoa_r
                0x0011e1e8        0x8 C:/devkitPro/devkitARM/bin/../lib/gcc/arm-none-eabi/15.1.0/../../../../arm-none-eabi/lib/armv6k/fpu\libg.a(libc_a-dtoa.o)
 .rodata.__action_table
                0x0011e1f0       0x6c C:/devkitPro/devkitARM/bin/../lib/gcc/arm-none-eabi/15.1.0/../../../../arm-none-eabi/lib/armv6k/fpu\libg.a(libc_a-svfiprintf.o)
                0x0011e1f0                __action_table
 .rodata.__state_table
                0x0011e25c       0x6c C:/devkitPro/devkitARM/bin/../lib/gcc/arm-none-eabi/15.1.0/../../../../arm-none-eabi/lib/armv6k/fpu\libg.a(libc_a-svfiprintf.o)
                0x0011e25c                __state_table
 .rodata.__chclass
                0x0011e2c8      0x100 C:/devkitPro/devkitARM/bin/../lib/gcc/arm-none-eabi/15.1.0/../../../../arm-none-eabi/lib/armv6k/fpu\libg.a(libc_a-svfiprintf.o)
                0x0011e2c8                __chclass
 .rodata.__assert_func.str1.4
                0x0011e3c8       0x43 C:/devkitPro/devkitARM/bin/../lib/gcc/arm-none-eabi/15.1.0/../../../../arm-none-eabi/lib/armv6k/fpu\libg.a(libc_a-assert.o)
 .rodata.__multadd.str1.4
                0x0011e3c8       0x57 C:/devkitPro/devkitARM/bin/../lib/gcc/arm-none-eabi/15.1.0/../../../../arm-none-eabi/lib/armv6k/fpu\libg.a(libc_a-mprec.o)
 .rodata.p05.0  0x0011e3c8        0xc C:/devkitPro/devkitARM/bin/../lib/gcc/arm-none-eabi/15.1.0/../../../../arm-none-eabi/lib/armv6k/fpu\libg.a(libc_a-mprec.o)
 *fill*         0x0011e3d4        0x4 
 .rodata.__mprec_bigtens
                0x0011e3d8       0x28 C:/devkitPro/devkitARM/bin/../lib/gcc/arm-none-eabi/15.1.0/../../../../arm-none-eabi/lib/armv6k/fpu\libg.a(libc_a-mprec.o)
                0x0011e3d8                __mprec_bigtens
 .rodata.__mprec_tens
                0x0011e400       0xc8 C:/devkitPro/devkitARM/bin/../lib/gcc/arm-none-eabi/15.1.0/../../../../arm-none-eabi/lib/armv6k/fpu\libg.a(libc_a-mprec.o)
                0x0011e400                __mprec_tens
 .rodata.str1.4
                0x0011e4c8       0x4c C:/devkitPro/devkitARM/bin/../lib/gcc/arm-none-eabi/15.1.0/../../../../arm-none-eabi/lib/armv6k/fpu\libg.a(libc_a-locale.o)
 .rodata.get_arg
                0x0011e4c8       0x34 C:/devkitPro/devkitARM/bin/../lib/gcc/arm-none-eabi/15.1.0/../../../../arm-none-eabi/lib/armv6k/fpu\libg.a(libc_a-vfiprintf.o)
 .rodata._vfiprintf_r.str1.1
                0x0011e4fc       0x29 C:/devkitPro/devkitARM/bin/../lib/gcc/arm-none-eabi/15.1.0/../../../../arm-none-eabi/lib/armv6k/fpu\libg.a(libc_a-vfiprintf.o)
 .rodata._vfiprintf_r
                0x0011e4fc       0xb6 C:/devkitPro/devkitARM/bin/../lib/gcc/arm-none-eabi/15.1.0/../../../../arm-none-eabi/lib/armv6k/fpu\libg.a(libc_a-vfiprintf.o)
 *fill*         0x0011e5b2        0x2 
 .rodata.zeroes.0
                0x0011e5b4       0x10 C:/devkitPro/devkitARM/bin/../lib/gcc/arm-none-eabi/15.1.0/../../../../arm-none-eabi/lib/armv6k/fpu\libg.a(libc_a-vfiprintf.o)
 .rodata.blanks.1
                0x0011e5c4       0x10 C:/devkitPro/devkitARM/bin/../lib/gcc/arm-none-eabi/15.1.0/../../../../arm-none-eabi/lib/armv6k/fpu\libg.a(libc_a-vfiprintf.o)
 .rodata.AddDevice.str1.4
                0x0011e5d4        0x8 C:/devkitPro/devkitARM/bin/../lib/gcc/arm-none-eabi/15.1.0/../../../../arm-none-eabi/lib/armv6k/fpu\libsysbase.a(libsysbase_libsysbase_a-iosupport.o)
 .rodata.dotab_stdnull
                0x0011e5d4       0x80 C:/devkitPro/devkitARM/bin/../lib/gcc/arm-none-eabi/15.1.0/../../../../arm-none-eabi/lib/armv6k/fpu\libsysbase.a(libsysbase_libsysbase_a-iosupport.o)
                0x0011e5d4                dotab_stdnull
 *all.rodata*(*)
 *(.gnu.linkonce.r*)
                0x0011e654                        . = ALIGN (0x4)
                0x0011e654                        __tdata_align = .
                0x0011e654        0x4 LONG 0x4 ALIGNOF (.tdata)
                0x0011e658                        . = ALIGN (0x4)

.eh_frame       0x0011e658        0x0
 .eh_frame      0x0011e658        0x0 C:/devkitPro/devkitARM/bin/../lib/gcc/arm-none-eabi/15.1.0/armv6k/fpu/crtbegin.o

.rel.dyn        0x0011e658        0x0
 .rel.iplt      0x0011e658        0x0 C:/devkitPro/devkitARM/bin/../lib/gcc/arm-none-eabi/15.1.0/../../../../arm-none-eabi/lib/armv6k/fpu/3dsx_crt0.o
 .rel.got       0x0011e658        0x0 C:/devkitPro/devkitARM/bin/../lib/gcc/arm-none-eabi/15.1.0/../../../../arm-none-eabi/lib/armv6k/fpu/3dsx_crt0.o

.ARM.extab
 *(.ARM.extab* .gnu.linkonce.armextab.*)
                0x0011e658                        __exidx_start = .

.ARM.exidx
 *(.ARM.exidx* .gnu.linkonce.armexidx.*)
                0x0011e658                        __exidx_end = .
                0x0011f000                        . = ALIGN (0x1000)

.data           0x0011f000     0x1bec
 *(.data)
 *(.data.*)
 .data.firstConsoleInit.0
                0x0011f000        0x1 C:/devkitPro/libctru/lib\libctru.a(console.o)
 *fill*         0x0011f001        0x3 
 .data.currentConsole
                0x0011f004        0x4 C:/devkitPro/libctru/lib\libctru.a(console.o)
                0x0011f004                currentConsole
 .data.defaultConsole
                0x0011f008       0x48 C:/devkitPro/libctru/lib\libctru.a(console.o)
                0x0011f008                defaultConsole
 .data.aptChainloadDeliverArgSize
                0x0011f050        0x4 C:/devkitPro/libctru/lib\libctru.a(apt.o)
 .data.kCount   0x0011f054        0x4 C:/devkitPro/libctru/lib\libctru.a(hid.o)
 .data.kInterval
                0x0011f058        0x4 C:/devkitPro/libctru/lib\libctru.a(hid.o)
 .data.kDelay   0x0011f05c        0x4 C:/devkitPro/libctru/lib\libctru.a(hid.o)
 .data.__stacksize__
                0x0011f060        0x4 C:/devkitPro/libctru/lib\libctru.a(stack_adjust.o)
                0x0011f060                __stacksize__
 .data.__sglue  0x0011f064        0xc C:/devkitPro/devkitARM/bin/../lib/gcc/arm-none-eabi/15.1.0/../../../../arm-none-eabi/lib/armv6k/fpu\libg.a(libc_a-findfp.o)
                0x0011f064                __sglue
 .data.__malloc_sbrk_base
                0x0011f070        0x4 C:/devkitPro/devkitARM/bin/../lib/gcc/arm-none-eabi/15.1.0/../../../../arm-none-eabi/lib/armv6k/fpu\libg.a(libc_a-mallocr.o)
                0x0011f070                __malloc_sbrk_base
 .data.__malloc_trim_threshold
                0x0011f074        0x4 C:/devkitPro/devkitARM/bin/../lib/gcc/arm-none-eabi/15.1.0/../../../../arm-none-eabi/lib/armv6k/fpu\libg.a(libc_a-mallocr.o)
                0x0011f074                __malloc_trim_threshold
 .data.__malloc_av_
                0x0011f078      0x408 C:/devkitPro/devkitARM/bin/../lib/gcc/arm-none-eabi/15.1.0/../../../../arm-none-eabi/lib/armv6k/fpu\libg.a(libc_a-mallocr.o)
                0x0011f078                __malloc_av_
 .data._impure_ptr
                0x0011f480        0x4 C:/devkitPro/devkitARM/bin/../lib/gcc/arm-none-eabi/15.1.0/../../../../arm-none-eabi/lib/armv6k/fpu\libg.a(libc_a-impure.o)
                0x0011f480                _impure_ptr
 *fill*         0x0011f484        0x4 
 .data._impure_data
                0x0011f488      0x140 C:/devkitPro/devkitARM/bin/../lib/gcc/arm-none-eabi/15.1.0/../../../../arm-none-eabi/lib/armv6k/fpu\libg.a(libc_a-impure.o)
                0x0011f488                _impure_data
 .data.__global_locale
                0x0011f5c8      0x16c C:/devkitPro/devkitARM/bin/../lib/gcc/arm-none-eabi/15.1.0/../../../../arm-none-eabi/lib/armv6k/fpu\libg.a(libc_a-locale.o)
                0x0011f5c8                __global_locale
 .data._current_working_directory
                0x0011f734      0x400 C:/devkitPro/devkitARM/bin/../lib/gcc/arm-none-eabi/15.1.0/../../../../arm-none-eabi/lib/armv6k/fpu\libsysbase.a(libsysbase_libsysbase_a-chdir.o)
 *fill*         0x0011fb34        0x4 
 .data.handles  0x0011fb38     0x1000 C:/devkitPro/devkitARM/bin/../lib/gcc/arm-none-eabi/15.1.0/../../../../arm-none-eabi/lib/armv6k/fpu\libsysbase.a(libsysbase_libsysbase_a-handle_manager.o)
 .data.__stderr_handle
                0x00120b38        0xc C:/devkitPro/devkitARM/bin/../lib/gcc/arm-none-eabi/15.1.0/../../../../arm-none-eabi/lib/armv6k/fpu\libsysbase.a(libsysbase_libsysbase_a-handle_manager.o)
 .data.__stdout_handle
                0x00120b44        0xc C:/devkitPro/devkitARM/bin/../lib/gcc/arm-none-eabi/15.1.0/../../../../arm-none-eabi/lib/armv6k/fpu\libsysbase.a(libsysbase_libsysbase_a-handle_manager.o)
 .data.__stdin_handle
                0x00120b50        0xc C:/devkitPro/devkitARM/bin/../lib/gcc/arm-none-eabi/15.1.0/../../../../arm-none-eabi/lib/armv6k/fpu\libsysbase.a(libsysbase_libsysbase_a-handle_manager.o)
 .data.devoptab_list
                0x00120b5c       0x8c C:/devkitPro/devkitARM/bin/../lib/gcc/arm-none-eabi/15.1.0/../../../../arm-none-eabi/lib/armv6k/fpu\libsysbase.a(libsysbase_libsysbase_a-iosupport.o)
                0x00120b5c                devoptab_list
 .data.defaultDevice
                0x00120be8        0x4 C:/devkitPro/devkitARM/bin/../lib/gcc/arm-none-eabi/15.1.0/../../../../arm-none-eabi/lib/armv6k/fpu\libsysbase.a(libsysbase_libsysbase_a-iosupport.o)
 *(.gnu.linkonce.d*)
                0x00120bec                        . = ALIGN (0x4)

.igot.plt       0x00120bec        0x0
 .igot.plt      0x00120bec        0x0 C:/devkitPro/devkitARM/bin/../lib/gcc/arm-none-eabi/15.1.0/../../../../arm-none-eabi/lib/armv6k/fpu/3dsx_crt0.o

.got            0x00120bec        0x8
 .got           0x00120bec        0x8 C:/devkitPro/devkitARM/bin/../lib/gcc/arm-none-eabi/15.1.0/../../../../arm-none-eabi/lib/armv6k/fpu/3dsx_crt0.o

.got.plt        0x00120bf4        0xc
 .got.plt       0x00120bf4        0xc C:/devkitPro/devkitARM/bin/../lib/gcc/arm-none-eabi/15.1.0/../../../../arm-none-eabi/lib/armv6k/fpu/3dsx_crt0.o
                0x00120bf4                _GLOBAL_OFFSET_TABLE_

.tdata          0x00120c00        0x0
                0x00120c00                        __tdata_lma = .
 *(.tdata)
 *(.tdata.*)
 *(.gnu.linkonce.td.*)
                0x00120c00                        . = ALIGN (0x4)
                0x00120c00                        __tdata_lma_end = .

.tbss           0x00120c00      0xc08
 *(.tbss)
 *(.tbss.*)
 .tbss.__ctru_dev_utf16_buf
                0x00120c00      0x802 C:/devkitPro/libctru/lib\libctru.a(path_buf.o)
                0x00120c00                __ctru_dev_utf16_buf
 *fill*         0x00121402        0x2 